Archive member included to satisfy reference by file (symbol)

C:/ST/STM32CubeIDE_1.17.0/STM32CubeIDE/plugins/com.st.stm32cube.ide.mcu.externaltools.gnu-tools-for-stm32.12.3.rel1.win32_1.1.0.202410251130/tools/bin/../lib/gcc/arm-none-eabi/12.3.1/../../../../arm-none-eabi/lib/thumb/v7e-m+fp/hard\libc_nano.a(libc_a-exit.o)
                              C:/ST/STM32CubeIDE_1.17.0/STM32CubeIDE/plugins/com.st.stm32cube.ide.mcu.externaltools.gnu-tools-for-stm32.12.3.rel1.win32_1.1.0.202410251130/tools/bin/../lib/gcc/arm-none-eabi/12.3.1/../../../../arm-none-eabi/lib/thumb/v7e-m+fp/hard/crt0.o (exit)
C:/ST/STM32CubeIDE_1.17.0/STM32CubeIDE/plugins/com.st.stm32cube.ide.mcu.externaltools.gnu-tools-for-stm32.12.3.rel1.win32_1.1.0.202410251130/tools/bin/../lib/gcc/arm-none-eabi/12.3.1/../../../../arm-none-eabi/lib/thumb/v7e-m+fp/hard\libc_nano.a(libc_a-findfp.o)
                              C:/ST/STM32CubeIDE_1.17.0/STM32CubeIDE/plugins/com.st.stm32cube.ide.mcu.externaltools.gnu-tools-for-stm32.12.3.rel1.win32_1.1.0.202410251130/tools/bin/../lib/gcc/arm-none-eabi/12.3.1/../../../../arm-none-eabi/lib/thumb/v7e-m+fp/hard\libc_nano.a(libc_a-exit.o) (__stdio_exit_handler)
C:/ST/STM32CubeIDE_1.17.0/STM32CubeIDE/plugins/com.st.stm32cube.ide.mcu.externaltools.gnu-tools-for-stm32.12.3.rel1.win32_1.1.0.202410251130/tools/bin/../lib/gcc/arm-none-eabi/12.3.1/../../../../arm-none-eabi/lib/thumb/v7e-m+fp/hard\libc_nano.a(libc_a-fwalk.o)
                              C:/ST/STM32CubeIDE_1.17.0/STM32CubeIDE/plugins/com.st.stm32cube.ide.mcu.externaltools.gnu-tools-for-stm32.12.3.rel1.win32_1.1.0.202410251130/tools/bin/../lib/gcc/arm-none-eabi/12.3.1/../../../../arm-none-eabi/lib/thumb/v7e-m+fp/hard\libc_nano.a(libc_a-findfp.o) (_fwalk_sglue)
C:/ST/STM32CubeIDE_1.17.0/STM32CubeIDE/plugins/com.st.stm32cube.ide.mcu.externaltools.gnu-tools-for-stm32.12.3.rel1.win32_1.1.0.202410251130/tools/bin/../lib/gcc/arm-none-eabi/12.3.1/../../../../arm-none-eabi/lib/thumb/v7e-m+fp/hard\libc_nano.a(libc_a-stdio.o)
                              C:/ST/STM32CubeIDE_1.17.0/STM32CubeIDE/plugins/com.st.stm32cube.ide.mcu.externaltools.gnu-tools-for-stm32.12.3.rel1.win32_1.1.0.202410251130/tools/bin/../lib/gcc/arm-none-eabi/12.3.1/../../../../arm-none-eabi/lib/thumb/v7e-m+fp/hard\libc_nano.a(libc_a-findfp.o) (__sread)
C:/ST/STM32CubeIDE_1.17.0/STM32CubeIDE/plugins/com.st.stm32cube.ide.mcu.externaltools.gnu-tools-for-stm32.12.3.rel1.win32_1.1.0.202410251130/tools/bin/../lib/gcc/arm-none-eabi/12.3.1/../../../../arm-none-eabi/lib/thumb/v7e-m+fp/hard\libc_nano.a(libc_a-memset.o)
                              C:/ST/STM32CubeIDE_1.17.0/STM32CubeIDE/plugins/com.st.stm32cube.ide.mcu.externaltools.gnu-tools-for-stm32.12.3.rel1.win32_1.1.0.202410251130/tools/bin/../lib/gcc/arm-none-eabi/12.3.1/../../../../arm-none-eabi/lib/thumb/v7e-m+fp/hard/crt0.o (memset)
C:/ST/STM32CubeIDE_1.17.0/STM32CubeIDE/plugins/com.st.stm32cube.ide.mcu.externaltools.gnu-tools-for-stm32.12.3.rel1.win32_1.1.0.202410251130/tools/bin/../lib/gcc/arm-none-eabi/12.3.1/../../../../arm-none-eabi/lib/thumb/v7e-m+fp/hard\libc_nano.a(libc_a-closer.o)
                              C:/ST/STM32CubeIDE_1.17.0/STM32CubeIDE/plugins/com.st.stm32cube.ide.mcu.externaltools.gnu-tools-for-stm32.12.3.rel1.win32_1.1.0.202410251130/tools/bin/../lib/gcc/arm-none-eabi/12.3.1/../../../../arm-none-eabi/lib/thumb/v7e-m+fp/hard\libc_nano.a(libc_a-stdio.o) (_close_r)
C:/ST/STM32CubeIDE_1.17.0/STM32CubeIDE/plugins/com.st.stm32cube.ide.mcu.externaltools.gnu-tools-for-stm32.12.3.rel1.win32_1.1.0.202410251130/tools/bin/../lib/gcc/arm-none-eabi/12.3.1/../../../../arm-none-eabi/lib/thumb/v7e-m+fp/hard\libc_nano.a(libc_a-reent.o)
                              C:/ST/STM32CubeIDE_1.17.0/STM32CubeIDE/plugins/com.st.stm32cube.ide.mcu.externaltools.gnu-tools-for-stm32.12.3.rel1.win32_1.1.0.202410251130/tools/bin/../lib/gcc/arm-none-eabi/12.3.1/../../../../arm-none-eabi/lib/thumb/v7e-m+fp/hard\libc_nano.a(libc_a-closer.o) (errno)
C:/ST/STM32CubeIDE_1.17.0/STM32CubeIDE/plugins/com.st.stm32cube.ide.mcu.externaltools.gnu-tools-for-stm32.12.3.rel1.win32_1.1.0.202410251130/tools/bin/../lib/gcc/arm-none-eabi/12.3.1/../../../../arm-none-eabi/lib/thumb/v7e-m+fp/hard\libc_nano.a(libc_a-impure.o)
                              C:/ST/STM32CubeIDE_1.17.0/STM32CubeIDE/plugins/com.st.stm32cube.ide.mcu.externaltools.gnu-tools-for-stm32.12.3.rel1.win32_1.1.0.202410251130/tools/bin/../lib/gcc/arm-none-eabi/12.3.1/../../../../arm-none-eabi/lib/thumb/v7e-m+fp/hard\libc_nano.a(libc_a-reent.o) (_impure_ptr)
C:/ST/STM32CubeIDE_1.17.0/STM32CubeIDE/plugins/com.st.stm32cube.ide.mcu.externaltools.gnu-tools-for-stm32.12.3.rel1.win32_1.1.0.202410251130/tools/bin/../lib/gcc/arm-none-eabi/12.3.1/../../../../arm-none-eabi/lib/thumb/v7e-m+fp/hard\libc_nano.a(libc_a-lseekr.o)
[...]
Memory Configuration

Name             Origin             Length             Attributes
RAM              0x20000000         0x00020000         xrw
FLASH            0x08000000         0x00080000         xr
*default*        0x00000000         0xffffffff

Linker script and memory map

LOAD C:/ST/STM32CubeIDE_1.17.0/STM32CubeIDE/plugins/com.st.stm32cube.ide.mcu.externaltools.gnu-tools-for-stm32.12.3.rel1.win32_1.1.0.202410251130/tools/bin/../lib/gcc/arm-none-eabi/12.3.1/thumb/v7e-m+fp/hard/crti.o
LOAD C:/ST/STM32CubeIDE_1.17.0/STM32CubeIDE/plugins/com.st.stm32cube.ide.mcu.externaltools.gnu-tools-for-stm32.12.3.rel1.win32_1.1.0.202410251130/tools/bin/../lib/gcc/arm-none-eabi/12.3.1/thumb/v7e-m+fp/hard/crtbegin.o
LOAD C:/ST/STM32CubeIDE_1.17.0/STM32CubeIDE/plugins/com.st.stm32cube.ide.mcu.externaltools.gnu-tools-for-stm32.12.3.rel1.win32_1.1.0.202410251130/tools/bin/../lib/gcc/arm-none-eabi/12.3.1/../../../../arm-none-eabi/lib/thumb/v7e-m+fp/hard/crt0.o
LOAD ./Core/Src/main.o
LOAD ./Core/Src/stm32f4xx_hal_msp.o
LOAD ./Core/Src/stm32f4xx_it.o
LOAD ./Core/Src/syscalls.o
LOAD ./Core/Src/sysmem.o
LOAD ./Core/Src/system_stm32f4xx.o
LOAD ./Core/Startup/startup_stm32f446retx.o
LOAD ./Drivers/STM32F4xx_HAL_Driver/Src/stm32f4xx_hal.o
LOAD ./Drivers/STM32F4xx_HAL_Driver/Src/stm32f4xx_hal_cortex.o
LOAD ./Drivers/STM32F4xx_HAL_Driver/Src/stm32f4xx_hal_dma.o
LOAD ./Drivers/STM32F4xx_HAL_Driver/Src/stm32f4xx_hal_dma_ex.o
LOAD ./Drivers/STM32F4xx_HAL_Driver/Src/stm32f4xx_hal_exti.o
LOAD ./Drivers/STM32F4xx_HAL_Driver/Src/stm32f4xx_hal_flash.o
LOAD ./Drivers/STM32F4xx_HAL_Driver/Src/stm32f4xx_hal_flash_ex.o
LOAD ./Drivers/STM32F4xx_HAL_Driver/Src/stm32f4xx_hal_flash_ramfunc.o
LOAD ./Drivers/STM32F4xx_HAL_Driver/Src/stm32f4xx_hal_gpio.o
LOAD ./Drivers/STM32F4xx_HAL_Driver/Src/stm32f4xx_hal_pcd.o
LOAD ./Drivers/STM32F4xx_HAL_Driver/Src/stm32f4xx_hal_pcd_ex.o
LOAD ./Drivers/STM32F4xx_HAL_Driver/Src/stm32f4xx_hal_pwr.o
LOAD ./Drivers/STM32F4xx_HAL_Driver/Src/stm32f4xx_hal_pwr_ex.o
LOAD ./Drivers/STM32F4xx_HAL_Driver/Src/stm32f4xx_hal_rcc.o
LOAD ./Drivers/STM32F4xx_HAL_Driver/Src/stm32f4xx_hal_rcc_ex.o
LOAD ./Drivers/STM32F4xx_HAL_Driver/Src/stm32f4xx_hal_uart.o
LOAD ./Drivers/STM32F4xx_HAL_Driver/Src/stm32f4xx_ll_usb.o
LOAD ./Middlewares/ST/STM32_USB_Device_Library/Class/CDC/Src/usbd_cdc.o
LOAD ./Middlewares/ST/STM32_USB_Device_Library/Core/Src/usbd_core.o
LOAD ./Middlewares/ST/STM32_USB_Device_Library/Core/Src/usbd_ctlreq.o
LOAD ./Middlewares/ST/STM32_USB_Device_Library/Core/Src/usbd_ioreq.o
LOAD ./USB_DEVICE/App/usb_device.o
LOAD ./USB_DEVICE/App/usbd_cdc_if.o
LOAD ./USB_DEVICE/App/usbd_desc.o
LOAD ./USB_DEVICE/Target/usbd_conf.o
START GROUP
LOAD C:/ST/STM32CubeIDE_1.17.0/STM32CubeIDE/plugins/com.st.stm32cube.ide.mcu.externaltools.gnu-tools-for-stm32.12.3.rel1.win32_1.1.0.202410251130/tools/bin/../lib/gcc/arm-none-eabi/12.3.1/../../../../arm-none-eabi/lib/thumb/v7e-m+fp/hard\libc_nano.a
LOAD C:/ST/STM32CubeIDE_1.17.0/STM32CubeIDE/plugins/com.st.stm32cube.ide.mcu.externaltools.gnu-tools-for-stm32.12.3.rel1.win32_1.1.0.202410251130/tools/bin/../lib/gcc/arm-none-eabi/12.3.1/../../../../arm-none-eabi/lib/thumb/v7e-m+fp/hard\libm.a
END GROUP
START GROUP
LOAD C:/ST/STM32CubeIDE_1.17.0/STM32CubeIDE/plugins/com.st.stm32cube.ide.mcu.externaltools.gnu-tools-for-stm32.12.3.rel1.win32_1.1.0.202410251130/tools/bin/../lib/gcc/arm-none-eabi/12.3.1/thumb/v7e-m+fp/hard\libgcc.a
LOAD C:/ST/STM32CubeIDE_1.17.0/STM32CubeIDE/plugins/com.st.stm32cube.ide.mcu.externaltools.gnu-tools-for-stm32.12.3.rel1.win32_1.1.0.202410251130/tools/bin/../lib/gcc/arm-none-eabi/12.3.1/../../../../arm-none-eabi/lib/thumb/v7e-m+fp/hard\libc_nano.a
END GROUP
START GROUP
LOAD C:/ST/STM32CubeIDE_1.17.0/STM32CubeIDE/plugins/com.st.stm32cube.ide.mcu.externaltools.gnu-tools-for-stm32.12.3.rel1.win32_1.1.0.202410251130/tools/bin/../lib/gcc/arm-none-eabi/12.3.1/thumb/v7e-m+fp/hard\libgcc.a
LOAD C:/ST/STM32CubeIDE_1.17.0/STM32CubeIDE/plugins/com.st.stm32cube.ide.mcu.externaltools.gnu-tools-for-stm32.12.3.rel1.win32_1.1.0.202410251130/tools/bin/../lib/gcc/arm-none-eabi/12.3.1/../../../../arm-none-eabi/lib/thumb/v7e-m+fp/hard\libc_nano.a
LOAD C:/ST/STM32CubeIDE_1.17.0/STM32CubeIDE/plugins/com.st.stm32cube.ide.mcu.externaltools.gnu-tools-for-stm32.12.3.rel1.win32_1.1.0.202410251130/tools/bin/../lib/gcc/arm-none-eabi/12.3.1/../../../../arm-none-eabi/lib/thumb/v7e-m+fp/hard\libnosys.a
END GROUP
START GROUP
LOAD C:/ST/STM32CubeIDE_1.17.0/STM32CubeIDE/plugins/com.st.stm32cube.ide.mcu.externaltools.gnu-tools-for-stm32.12.3.rel1.win32_1.1.0.202410251130/tools/bin/../lib/gcc/arm-none-eabi/12.3.1/thumb/v7e-m+fp/hard\libgcc.a
LOAD C:/ST/STM32CubeIDE_1.17.0/STM32CubeIDE/plugins/com.st.stm32cube.ide.mcu.externaltools.gnu-tools-for-stm32.12.3.rel1.win32_1.1.0.202410251130/tools/bin/../lib/gcc/arm-none-eabi/12.3.1/../../../../arm-none-eabi/lib/thumb/v7e-m+fp/hard\libc_nano.a
LOAD C:/ST/STM32CubeIDE_1.17.0/STM32CubeIDE/plugins/com.st.stm32cube.ide.mcu.externaltools.gnu-tools-for-stm32.12.3.rel1.win32_1.1.0.202410251130/tools/bin/../lib/gcc/arm-none-eabi/12.3.1/../../../../arm-none-eabi/lib/thumb/v7e-m+fp/hard\libnosys.a
END GROUP
LOAD C:/ST/STM32CubeIDE_1.17.0/STM32CubeIDE/plugins/com.st.stm32cube.ide.mcu.externaltools.gnu-tools-for-stm32.12.3.rel1.win32_1.1.0.202410251130/tools/bin/../lib/gcc/arm-none-eabi/12.3.1/thumb/v7e-m+fp/hard/crtend.o
LOAD C:/ST/STM32CubeIDE_1.17.0/STM32CubeIDE/plugins/com.st.stm32cube.ide.mcu.externaltools.gnu-tools-for-stm32.12.3.rel1.win32_1.1.0.202410251130/tools/bin/../lib/gcc/arm-none-eabi/12.3.1/thumb/v7e-m+fp/hard/crtn.o
                0x20020000                        _estack = (ORIGIN (RAM) + LENGTH (RAM))
                0x00000200                        _Min_Heap_Size = 0x200
                0x00000400                        _Min_Stack_Size = 0x400

.isr_vector     0x08000000      0x1c4
                0x08000000                        . = ALIGN (0x4)
 *(.isr_vector)
 .isr_vector    0x08000000      0x1c4 ./Core/Startup/startup_stm32f446retx.o
                0x08000000                g_pfnVectors
                0x080001c4                        . = ALIGN (0x4)

.text           0x080001c4     0x8b2c
                0x080001c4                        . = ALIGN (0x4)
 *(.text)
 .text          0x080001c4       0x40 C:/ST/STM32CubeIDE_1.17.0/STM32CubeIDE/plugins/com.st.stm32cube.ide.mcu.externaltools.gnu-tools-for-stm32.12.3.rel1.win32_1.1.0.202410251130/tools/bin/../lib/gcc/arm-none-eabi/12.3.1/thumb/v7e-m+fp/hard/crtbegin.o
 .text          0x08000204       0x30 C:/ST/STM32CubeIDE_1.17.0/STM32CubeIDE/plugins/com.st.stm32cube.ide.mcu.externaltools.gnu-tools-for-stm32.12.3.rel1.win32_1.1.0.202410251130/tools/bin/../lib/gcc/arm-none-eabi/12.3.1/thumb/v7e-m+fp/hard\libgcc.a(_aeabi_uldivmod.o)
                0x08000204                __aeabi_uldivmod
 .text          0x08000234      0x2bc C:/ST/STM32CubeIDE_1.17.0/STM32CubeIDE/plugins/com.st.stm32cube.ide.mcu.externaltools.gnu-tools-for-stm32.12.3.rel1.win32_1.1.0.202410251130/tools/bin/../lib/gcc/arm-none-eabi/12.3.1/thumb/v7e-m+fp/hard\libgcc.a(_udivmoddi4.o)
                0x08000234                __udivmoddi4
 .text          0x080004f0        0x4 C:/ST/STM32CubeIDE_1.17.0/STM32CubeIDE/plugins/com.st.stm32cube.ide.mcu.externaltools.gnu-tools-for-stm32.12.3.rel1.win32_1.1.0.202410251130/tools/bin/../lib/gcc/arm-none-eabi/12.3.1/thumb/v7e-m+fp/hard\libgcc.a(_dvmd_tls.o)
                0x080004f0                __aeabi_idiv0
                0x080004f0                __aeabi_ldiv0
 *(.text*)
 .text.main     0x080004f4       0x68 ./Core/Src/main.o
                0x080004f4                main
 .text.SystemClock_Config
                0x0800055c       0xd8 ./Core/Src/main.o
                0x0800055c                SystemClock_Config
 .text.MX_USART1_UART_Init
                0x08000634       0x54 ./Core/Src/main.o
 .text.MX_GPIO_Init
                0x08000688      0x140 ./Core/Src/main.o
 .text.HAL_GPIO_EXTI_Callback
                0x080007c8      0x138 ./Core/Src/main.o
                0x080007c8                HAL_GPIO_EXTI_Callback
 .text.Error_Handler
                0x08000900        0xc ./Core/Src/main.o
                0x08000900                Error_Handler
 .text.HAL_MspInit
                0x0800090c       0x50 ./Core/Src/stm32f4xx_hal_msp.o
                0x0800090c                HAL_MspInit
 .text.HAL_UART_MspInit
                0x0800095c       0xa0 ./Core/Src/stm32f4xx_hal_msp.o
                0x0800095c                HAL_UART_MspInit
 .text.NMI_Handler
                0x080009fc        0x8 ./Core/Src/stm32f4xx_it.o
                0x080009fc                NMI_Handler
 .text.HardFault_Handler
                0x08000a04        0x8 ./Core/Src/stm32f4xx_it.o
                0x08000a04                HardFault_Handler
 .text.MemManage_Handler
                0x08000a0c        0x8 ./Core/Src/stm32f4xx_it.o
                0x08000a0c                MemManage_Handler
 .text.BusFault_Handler
                0x08000a14        0x8 ./Core/Src/stm32f4xx_it.o
                0x08000a14                BusFault_Handler
 .text.UsageFault_Handler
                0x08000a1c        0x8 ./Core/Src/stm32f4xx_it.o
                0x08000a1c                UsageFault_Handler
 .text.SVC_Handler
                0x08000a24        0xe ./Core/Src/stm32f4xx_it.o
                0x08000a24                SVC_Handler
 .text.DebugMon_Handler
                0x08000a32        0xe ./Core/Src/stm32f4xx_it.o
                0x08000a32                DebugMon_Handler
 .text.PendSV_Handler
                0x08000a40        0xe ./Core/Src/stm32f4xx_it.o
                0x08000a40                PendSV_Handler
 .text.SysTick_Handler
                0x08000a4e        0xc ./Core/Src/stm32f4xx_it.o
                0x08000a4e                SysTick_Handler
 .text.EXTI0_IRQHandler
                0x08000a5a        0xe ./Core/Src/stm32f4xx_it.o
                0x08000a5a                EXTI0_IRQHandler
 .text.EXTI1_IRQHandler
                0x08000a68        0xe ./Core/Src/stm32f4xx_it.o
                0x08000a68                EXTI1_IRQHandler
 .text.EXTI2_IRQHandler
                0x08000a76        0xe ./Core/Src/stm32f4xx_it.o
                0x08000a76                EXTI2_IRQHandler
 .text.EXTI3_IRQHandler
                0x08000a84        0xe ./Core/Src/stm32f4xx_it.o
                0x08000a84                EXTI3_IRQHandler
 .text.EXTI4_IRQHandler
                0x08000a92        0xe ./Core/Src/stm32f4xx_it.o
                0x08000a92                EXTI4_IRQHandler
 .text.EXTI9_5_IRQHandler
                0x08000aa0        0xe ./Core/Src/stm32f4xx_it.o
                0x08000aa0                EXTI9_5_IRQHandler
 *fill*         0x08000aae        0x2 
 .text.USART1_IRQHandler
                0x08000ab0       0x14 ./Core/Src/stm32f4xx_it.o
                0x08000ab0                USART1_IRQHandler
 .text.OTG_FS_IRQHandler
                0x08000ac4       0x14 ./Core/Src/stm32f4xx_it.o
                0x08000ac4                OTG_FS_IRQHandler
 .text.SystemInit
                0x08000ad8       0x24 ./Core/Src/system_stm32f4xx.o
                0x08000ad8                SystemInit
 .text.Reset_Handler
                0x08000afc       0x50 ./Core/Startup/startup_stm32f446retx.o
                0x08000afc                Reset_Handler
 .text.Default_Handler
                0x08000b4c        0x2 ./Core/Startup/startup_stm32f446retx.o
                0x08000b4c                RTC_Alarm_IRQHandler
                0x08000b4c                TIM8_CC_IRQHandler
                0x08000b4c                FMPI2C1_EV_IRQHandler
                0x08000b4c                SPI4_IRQHandler
                0x08000b4c                TIM1_CC_IRQHandler
                0x08000b4c                DMA2_Stream5_IRQHandler
                0x08000b4c                DMA1_Stream5_IRQHandler
                0x08000b4c                PVD_IRQHandler
                0x08000b4c                SDIO_IRQHandler
                0x08000b4c                TAMP_STAMP_IRQHandler
                0x08000b4c                CAN2_RX1_IRQHandler
                0x08000b4c                TIM8_TRG_COM_TIM14_IRQHandler
                0x08000b4c                TIM1_UP_TIM10_IRQHandler
                0x08000b4c                TIM8_UP_TIM13_IRQHandler
                0x08000b4c                I2C3_ER_IRQHandler
                0x08000b4c                I2C2_EV_IRQHandler
                0x08000b4c                DMA1_Stream2_IRQHandler
                0x08000b4c                CAN1_RX0_IRQHandler
                0x08000b4c                FPU_IRQHandler
                0x08000b4c                OTG_HS_WKUP_IRQHandler
                0x08000b4c                CAN2_SCE_IRQHandler
                0x08000b4c                DMA2_Stream2_IRQHandler
                0x08000b4c                SPI1_IRQHandler
                0x08000b4c                TIM6_DAC_IRQHandler
                0x08000b4c                TIM1_BRK_TIM9_IRQHandler
                0x08000b4c                DCMI_IRQHandler
                0x08000b4c                CAN2_RX0_IRQHandler
                0x08000b4c                DMA2_Stream3_IRQHandler
                0x08000b4c                SAI2_IRQHandler
                0x08000b4c                USART6_IRQHandler
                0x08000b4c                USART3_IRQHandler
                0x08000b4c                CAN1_RX1_IRQHandler
                0x08000b4c                UART5_IRQHandler
                0x08000b4c                DMA2_Stream0_IRQHandler
                0x08000b4c                TIM4_IRQHandler
                0x08000b4c                QUADSPI_IRQHandler
                0x08000b4c                I2C1_EV_IRQHandler
                0x08000b4c                DMA1_Stream6_IRQHandler
                0x08000b4c                DMA1_Stream1_IRQHandler
                0x08000b4c                UART4_IRQHandler
                0x08000b4c                TIM3_IRQHandler
                0x08000b4c                RCC_IRQHandler
                0x08000b4c                TIM8_BRK_TIM12_IRQHandler
                0x08000b4c                Default_Handler
                0x08000b4c                CEC_IRQHandler
                0x08000b4c                EXTI15_10_IRQHandler
                0x08000b4c                ADC_IRQHandler
                0x08000b4c                DMA1_Stream7_IRQHandler
                0x08000b4c                TIM7_IRQHandler
                0x08000b4c                CAN2_TX_IRQHandler
                0x08000b4c                TIM5_IRQHandler
                0x08000b4c                DMA2_Stream7_IRQHandler
                0x08000b4c                I2C3_EV_IRQHandler
                0x08000b4c                RTC_WKUP_IRQHandler
                0x08000b4c                SPDIF_RX_IRQHandler
                0x08000b4c                SPI2_IRQHandler
                0x08000b4c                OTG_HS_EP1_IN_IRQHandler
                0x08000b4c                DMA1_Stream0_IRQHandler
                0x08000b4c                CAN1_TX_IRQHandler
                0x08000b4c                FMPI2C1_ER_IRQHandler
                0x08000b4c                OTG_HS_EP1_OUT_IRQHandler
                0x08000b4c                WWDG_IRQHandler
                0x08000b4c                TIM2_IRQHandler
                0x08000b4c                OTG_FS_WKUP_IRQHandler
                0x08000b4c                TIM1_TRG_COM_TIM11_IRQHandler
                0x08000b4c                OTG_HS_IRQHandler
                0x08000b4c                USART2_IRQHandler
                0x08000b4c                I2C2_ER_IRQHandler
                0x08000b4c                DMA2_Stream1_IRQHandler
                0x08000b4c                CAN1_SCE_IRQHandler
                0x08000b4c                FLASH_IRQHandler
                0x08000b4c                DMA2_Stream4_IRQHandler
                0x08000b4c                SPI3_IRQHandler
                0x08000b4c                DMA1_Stream4_IRQHandler
                0x08000b4c                I2C1_ER_IRQHandler
                0x08000b4c                FMC_IRQHandler
                0x08000b4c                DMA2_Stream6_IRQHandler
                0x08000b4c                SAI1_IRQHandler
                0x08000b4c                DMA1_Stream3_IRQHandler
 *fill*         0x08000b4e        0x2 
 .text.HAL_Init
                0x08000b50       0x44 ./Drivers/STM32F4xx_HAL_Driver/Src/stm32f4xx_hal.o
                0x08000b50                HAL_Init
 .text.HAL_InitTick
                0x08000b94       0x60 ./Drivers/STM32F4xx_HAL_Driver/Src/stm32f4xx_hal.o
                0x08000b94                HAL_InitTick
 .text.HAL_IncTick
                0x08000bf4       0x28 ./Drivers/STM32F4xx_HAL_Driver/Src/stm32f4xx_hal.o
                0x08000bf4                HAL_IncTick
 .text.HAL_GetTick
                0x08000c1c       0x18 ./Drivers/STM32F4xx_HAL_Driver/Src/stm32f4xx_hal.o
                0x08000c1c                HAL_GetTick
 .text.HAL_Delay
                0x08000c34       0x48 ./Drivers/STM32F4xx_HAL_Driver/Src/stm32f4xx_hal.o
                0x08000c34                HAL_Delay
 .text.__NVIC_SetPriorityGrouping
                0x08000c7c       0x48 ./Drivers/STM32F4xx_HAL_Driver/Src/stm32f4xx_hal_cortex.o
 .text.__NVIC_GetPriorityGrouping
                0x08000cc4       0x1c ./Drivers/STM32F4xx_HAL_Driver/Src/stm32f4xx_hal_cortex.o
 .text.__NVIC_EnableIRQ
                0x08000ce0       0x3c ./Drivers/STM32F4xx_HAL_Driver/Src/stm32f4xx_hal_cortex.o
 .text.__NVIC_SetPriority
                0x08000d1c       0x54 ./Drivers/STM32F4xx_HAL_Driver/Src/stm32f4xx_hal_cortex.o
 .text.NVIC_EncodePriority
                0x08000d70       0x66 ./Drivers/STM32F4xx_HAL_Driver/Src/stm32f4xx_hal_cortex.o
 *fill*         0x08000dd6        0x2 
 .text.SysTick_Config
                0x08000dd8       0x44 ./Drivers/STM32F4xx_HAL_Driver/Src/stm32f4xx_hal_cortex.o
 .text.HAL_NVIC_SetPriorityGrouping
                0x08000e1c       0x16 ./Drivers/STM32F4xx_HAL_Driver/Src/stm32f4xx_hal_cortex.o
                0x08000e1c                HAL_NVIC_SetPriorityGrouping
 .text.HAL_NVIC_SetPriority
                0x08000e32       0x38 ./Drivers/STM32F4xx_HAL_Driver/Src/stm32f4xx_hal_cortex.o
                0x08000e32                HAL_NVIC_SetPriority
 .text.HAL_NVIC_EnableIRQ
                0x08000e6a       0x1c ./Drivers/STM32F4xx_HAL_Driver/Src/stm32f4xx_hal_cortex.o
                0x08000e6a                HAL_NVIC_EnableIRQ
 .text.HAL_SYSTICK_Config
                0x08000e86       0x18 ./Drivers/STM32F4xx_HAL_Driver/Src/stm32f4xx_hal_cortex.o
                0x08000e86                HAL_SYSTICK_Config
 .text.HAL_DMA_Abort
                0x08000e9e       0xe0 ./Drivers/STM32F4xx_HAL_Driver/Src/stm32f4xx_hal_dma.o
                0x08000e9e                HAL_DMA_Abort
 .text.HAL_DMA_Abort_IT
                0x08000f7e       0x44 ./Drivers/STM32F4xx_HAL_Driver/Src/stm32f4xx_hal_dma.o
                0x08000f7e                HAL_DMA_Abort_IT
 *fill*         0x08000fc2        0x2 
 .text.HAL_GPIO_Init
                0x08000fc4      0x328 ./Drivers/STM32F4xx_HAL_Driver/Src/stm32f4xx_hal_gpio.o
                0x08000fc4                HAL_GPIO_Init
 .text.HAL_GPIO_ReadPin
                0x080012ec       0x30 ./Drivers/STM32F4xx_HAL_Driver/Src/stm32f4xx_hal_gpio.o
                0x080012ec                HAL_GPIO_ReadPin
 .text.HAL_GPIO_WritePin
                0x0800131c       0x32 ./Drivers/STM32F4xx_HAL_Driver/Src/stm32f4xx_hal_gpio.o
                0x0800131c                HAL_GPIO_WritePin
 *fill*         0x0800134e        0x2 
 .text.HAL_GPIO_EXTI_IRQHandler
                0x08001350       0x30 ./Drivers/STM32F4xx_HAL_Driver/Src/stm32f4xx_hal_gpio.o
                0x08001350                HAL_GPIO_EXTI_IRQHandler
 .text.HAL_PCD_Init
                0x08001380      0x22c ./Drivers/STM32F4xx_HAL_Driver/Src/stm32f4xx_hal_pcd.o
                0x08001380                HAL_PCD_Init
 .text.HAL_PCD_Start
                0x080015ac       0x6a ./Drivers/STM32F4xx_HAL_Driver/Src/stm32f4xx_hal_pcd.o
                0x080015ac                HAL_PCD_Start
 .text.HAL_PCD_IRQHandler
                0x08001616      0x99c ./Drivers/STM32F4xx_HAL_Driver/Src/stm32f4xx_hal_pcd.o
                0x08001616                HAL_PCD_IRQHandler
 .text.HAL_PCD_SetAddress
                0x08001fb2       0x48 ./Drivers/STM32F4xx_HAL_Driver/Src/stm32f4xx_hal_pcd.o
                0x08001fb2                HAL_PCD_SetAddress
 .text.HAL_PCD_EP_Open
                0x08001ffa       0xd4 ./Drivers/STM32F4xx_HAL_Driver/Src/stm32f4xx_hal_pcd.o
                0x08001ffa                HAL_PCD_EP_Open
 .text.HAL_PCD_EP_Close
                0x080020ce       0x94 ./Drivers/STM32F4xx_HAL_Driver/Src/stm32f4xx_hal_pcd.o
                0x080020ce                HAL_PCD_EP_Close
 .text.HAL_PCD_EP_Receive
                0x08002162       0x76 ./Drivers/STM32F4xx_HAL_Driver/Src/stm32f4xx_hal_pcd.o
                0x08002162                HAL_PCD_EP_Receive
 .text.HAL_PCD_EP_GetRxCount
                0x080021d8       0x30 ./Drivers/STM32F4xx_HAL_Driver/Src/stm32f4xx_hal_pcd.o
                0x080021d8                HAL_PCD_EP_GetRxCount
 .text.HAL_PCD_EP_Transmit
                0x08002208       0x74 ./Drivers/STM32F4xx_HAL_Driver/Src/stm32f4xx_hal_pcd.o
                0x08002208                HAL_PCD_EP_Transmit
 .text.HAL_PCD_EP_SetStall
                0x0800227c       0xc6 ./Drivers/STM32F4xx_HAL_Driver/Src/stm32f4xx_hal_pcd.o
                0x0800227c                HAL_PCD_EP_SetStall
 .text.HAL_PCD_EP_ClrStall
                0x08002342       0xac ./Drivers/STM32F4xx_HAL_Driver/Src/stm32f4xx_hal_pcd.o
                0x08002342                HAL_PCD_EP_ClrStall
 .text.HAL_PCD_EP_Abort
                0x080023ee       0x62 ./Drivers/STM32F4xx_HAL_Driver/Src/stm32f4xx_hal_pcd.o
                0x080023ee                HAL_PCD_EP_Abort
 .text.PCD_WriteEmptyTxFifo
                0x08002450      0x118 ./Drivers/STM32F4xx_HAL_Driver/Src/stm32f4xx_hal_pcd.o
 .text.PCD_EP_OutXfrComplete_int
                0x08002568      0x1d0 ./Drivers/STM32F4xx_HAL_Driver/Src/stm32f4xx_hal_pcd.o
 .text.PCD_EP_OutSetupPacket_int
                0x08002738       0x8c ./Drivers/STM32F4xx_HAL_Driver/Src/stm32f4xx_hal_pcd.o
 .text.HAL_PCDEx_SetTxFiFo
                0x080027c4       0x8e ./Drivers/STM32F4xx_HAL_Driver/Src/stm32f4xx_hal_pcd_ex.o
                0x080027c4                HAL_PCDEx_SetTxFiFo
 .text.HAL_PCDEx_SetRxFiFo
                0x08002852       0x22 ./Drivers/STM32F4xx_HAL_Driver/Src/stm32f4xx_hal_pcd_ex.o
                0x08002852                HAL_PCDEx_SetRxFiFo
 .text.HAL_PCDEx_ActivateLPM
                0x08002874       0x48 ./Drivers/STM32F4xx_HAL_Driver/Src/stm32f4xx_hal_pcd_ex.o
                0x08002874                HAL_PCDEx_ActivateLPM
 .text.HAL_RCC_ClockConfig
                0x080028bc      0x1cc ./Drivers/STM32F4xx_HAL_Driver/Src/stm32f4xx_hal_rcc.o
                0x080028bc                HAL_RCC_ClockConfig
 .text.HAL_RCC_GetHCLKFreq
                0x08002a88       0x18 ./Drivers/STM32F4xx_HAL_Driver/Src/stm32f4xx_hal_rcc.o
                0x08002a88                HAL_RCC_GetHCLKFreq
 .text.HAL_RCC_GetPCLK1Freq
                0x08002aa0       0x28 ./Drivers/STM32F4xx_HAL_Driver/Src/stm32f4xx_hal_rcc.o
                0x08002aa0                HAL_RCC_GetPCLK1Freq
 .text.HAL_RCC_GetPCLK2Freq
                0x08002ac8       0x28 ./Drivers/STM32F4xx_HAL_Driver/Src/stm32f4xx_hal_rcc.o
                0x08002ac8                HAL_RCC_GetPCLK2Freq
 .text.HAL_RCCEx_PeriphCLKConfig
                0x08002af0      0x654 ./Drivers/STM32F4xx_HAL_Driver/Src/stm32f4xx_hal_rcc_ex.o
                0x08002af0                HAL_RCCEx_PeriphCLKConfig
 .text.HAL_RCC_GetSysClockFreq
                0x08003144      0x460 ./Drivers/STM32F4xx_HAL_Driver/Src/stm32f4xx_hal_rcc_ex.o
                0x08003144                HAL_RCC_GetSysClockFreq
 .text.HAL_RCC_OscConfig
                0x080035a4      0x53c ./Drivers/STM32F4xx_HAL_Driver/Src/stm32f4xx_hal_rcc_ex.o
                0x080035a4                HAL_RCC_OscConfig
 .text.HAL_UART_Init
                0x08003ae0       0xa0 ./Drivers/STM32F4xx_HAL_Driver/Src/stm32f4xx_hal_uart.o
                0x08003ae0                HAL_UART_Init
 .text.HAL_UART_Transmit
                0x08003b80      0x116 ./Drivers/STM32F4xx_HAL_Driver/Src/stm32f4xx_hal_uart.o
                0x08003b80                HAL_UART_Transmit
 *fill*         0x08003c96        0x2 
 .text.HAL_UART_IRQHandler
                0x08003c98      0x524 ./Drivers/STM32F4xx_HAL_Driver/Src/stm32f4xx_hal_uart.o
                0x08003c98                HAL_UART_IRQHandler
 .text.HAL_UART_TxCpltCallback
                0x080041bc       0x14 ./Drivers/STM32F4xx_HAL_Driver/Src/stm32f4xx_hal_uart.o
                0x080041bc                HAL_UART_TxCpltCallback
 .text.HAL_UART_RxCpltCallback
                0x080041d0       0x14 ./Drivers/STM32F4xx_HAL_Driver/Src/stm32f4xx_hal_uart.o
                0x080041d0                HAL_UART_RxCpltCallback
 .text.HAL_UART_ErrorCallback
                0x080041e4       0x14 ./Drivers/STM32F4xx_HAL_Driver/Src/stm32f4xx_hal_uart.o
                0x080041e4                HAL_UART_ErrorCallback
 .text.HAL_UARTEx_RxEventCallback
                0x080041f8       0x18 ./Drivers/STM32F4xx_HAL_Driver/Src/stm32f4xx_hal_uart.o
                0x080041f8                HAL_UARTEx_RxEventCallback
 .text.UART_WaitOnFlagUntilTimeout
                0x08004210       0xb2 ./Drivers/STM32F4xx_HAL_Driver/Src/stm32f4xx_hal_uart.o
 .text.UART_EndRxTransfer
                0x080042c2       0xc6 ./Drivers/STM32F4xx_HAL_Driver/Src/stm32f4xx_hal_uart.o
 .text.UART_DMAAbortOnError
                0x08004388       0x28 ./Drivers/STM32F4xx_HAL_Driver/Src/stm32f4xx_hal_uart.o
 .text.UART_Transmit_IT
                0x080043b0       0xa0 ./Drivers/STM32F4xx_HAL_Driver/Src/stm32f4xx_hal_uart.o
 .text.UART_EndTransmit_IT
                0x08004450       0x30 ./Drivers/STM32F4xx_HAL_Driver/Src/stm32f4xx_hal_uart.o
 .text.UART_Receive_IT
                0x08004480      0x17c ./Drivers/STM32F4xx_HAL_Driver/Src/stm32f4xx_hal_uart.o
 .text.UART_SetConfig
                0x080045fc      0x4e8 ./Drivers/STM32F4xx_HAL_Driver/Src/stm32f4xx_hal_uart.o
 .text.USB_CoreInit
                0x08004ae4       0xc8 ./Drivers/STM32F4xx_HAL_Driver/Src/stm32f4xx_ll_usb.o
                0x08004ae4                USB_CoreInit
 .text.USB_SetTurnaroundTime
                0x08004bac      0x144 ./Drivers/STM32F4xx_HAL_Driver/Src/stm32f4xx_ll_usb.o
                0x08004bac                USB_SetTurnaroundTime
 .text.USB_EnableGlobalInt
                0x08004cf0       0x22 ./Drivers/STM32F4xx_HAL_Driver/Src/stm32f4xx_ll_usb.o
                0x08004cf0                USB_EnableGlobalInt
 .text.USB_DisableGlobalInt
                0x08004d12       0x22 ./Drivers/STM32F4xx_HAL_Driver/Src/stm32f4xx_ll_usb.o
                0x08004d12                USB_DisableGlobalInt
 .text.USB_SetCurrentMode
                0x08004d34       0x98 ./Drivers/STM32F4xx_HAL_Driver/Src/stm32f4xx_ll_usb.o
                0x08004d34                USB_SetCurrentMode
 .text.USB_DevInit
                0x08004dcc      0x2bc ./Drivers/STM32F4xx_HAL_Driver/Src/stm32f4xx_ll_usb.o
                0x08004dcc                USB_DevInit
 .text.USB_FlushTxFifo
                0x08005088       0x64 ./Drivers/STM32F4xx_HAL_Driver/Src/stm32f4xx_ll_usb.o
                0x08005088                USB_FlushTxFifo
 .text.USB_FlushRxFifo
                0x080050ec       0x5c ./Drivers/STM32F4xx_HAL_Driver/Src/stm32f4xx_ll_usb.o
                0x080050ec                USB_FlushRxFifo
 .text.USB_SetDevSpeed
                0x08005148       0x32 ./Drivers/STM32F4xx_HAL_Driver/Src/stm32f4xx_ll_usb.o
                0x08005148                USB_SetDevSpeed
 .text.USB_GetDevSpeed
                0x0800517a       0x4a ./Drivers/STM32F4xx_HAL_Driver/Src/stm32f4xx_ll_usb.o
                0x0800517a                USB_GetDevSpeed
 .text.USB_ActivateEndpoint
                0x080051c4      0x10e ./Drivers/STM32F4xx_HAL_Driver/Src/stm32f4xx_ll_usb.o
                0x080051c4                USB_ActivateEndpoint
 *fill*         0x080052d2        0x2 
 .text.USB_DeactivateEndpoint
                0x080052d4      0x1b8 ./Drivers/STM32F4xx_HAL_Driver/Src/stm32f4xx_ll_usb.o
                0x080052d4                USB_DeactivateEndpoint
 .text.USB_EPStartXfer
                0x0800548c      0x53c ./Drivers/STM32F4xx_HAL_Driver/Src/stm32f4xx_ll_usb.o
                0x0800548c                USB_EPStartXfer
 .text.USB_EPStopXfer
                0x080059c8      0x154 ./Drivers/STM32F4xx_HAL_Driver/Src/stm32f4xx_ll_usb.o
                0x080059c8                USB_EPStopXfer
 .text.USB_WritePacket
                0x08005b1c       0x7c ./Drivers/STM32F4xx_HAL_Driver/Src/stm32f4xx_ll_usb.o
                0x08005b1c                USB_WritePacket
 .text.USB_ReadPacket
                0x08005b98       0xb0 ./Drivers/STM32F4xx_HAL_Driver/Src/stm32f4xx_ll_usb.o
                0x08005b98                USB_ReadPacket
 .text.USB_EPSetStall
                0x08005c48       0xdc ./Drivers/STM32F4xx_HAL_Driver/Src/stm32f4xx_ll_usb.o
                0x08005c48                USB_EPSetStall
 .text.USB_EPClearStall
                0x08005d24       0xcc ./Drivers/STM32F4xx_HAL_Driver/Src/stm32f4xx_ll_usb.o
                0x08005d24                USB_EPClearStall
 .text.USB_SetDevAddress
                0x08005df0       0x4c ./Drivers/STM32F4xx_HAL_Driver/Src/stm32f4xx_ll_usb.o
                0x08005df0                USB_SetDevAddress
 .text.USB_DevConnect
                0x08005e3c       0x42 ./Drivers/STM32F4xx_HAL_Driver/Src/stm32f4xx_ll_usb.o
                0x08005e3c                USB_DevConnect
 .text.USB_DevDisconnect
                0x08005e7e       0x42 ./Drivers/STM32F4xx_HAL_Driver/Src/stm32f4xx_ll_usb.o
                0x08005e7e                USB_DevDisconnect
 .text.USB_ReadInterrupts
                0x08005ec0       0x26 ./Drivers/STM32F4xx_HAL_Driver/Src/stm32f4xx_ll_usb.o
                0x08005ec0                USB_ReadInterrupts
 .text.USB_ReadDevAllOutEpInterrupt
                0x08005ee6       0x34 ./Drivers/STM32F4xx_HAL_Driver/Src/stm32f4xx_ll_usb.o
                0x08005ee6                USB_ReadDevAllOutEpInterrupt
 .text.USB_ReadDevAllInEpInterrupt
                0x08005f1a       0x34 ./Drivers/STM32F4xx_HAL_Driver/Src/stm32f4xx_ll_usb.o
                0x08005f1a                USB_ReadDevAllInEpInterrupt
 .text.USB_ReadDevOutEPInterrupt
                0x08005f4e       0x3c ./Drivers/STM32F4xx_HAL_Driver/Src/stm32f4xx_ll_usb.o
                0x08005f4e                USB_ReadDevOutEPInterrupt
 .text.USB_ReadDevInEPInterrupt
                0x08005f8a       0x5c ./Drivers/STM32F4xx_HAL_Driver/Src/stm32f4xx_ll_usb.o
                0x08005f8a                USB_ReadDevInEPInterrupt
 .text.USB_GetMode
                0x08005fe6       0x1c ./Drivers/STM32F4xx_HAL_Driver/Src/stm32f4xx_ll_usb.o
                0x08005fe6                USB_GetMode
 .text.USB_ActivateSetup
                0x08006002       0x46 ./Drivers/STM32F4xx_HAL_Driver/Src/stm32f4xx_ll_usb.o
                0x08006002                USB_ActivateSetup
 .text.USB_EP0_OutStart
                0x08006048       0xbc ./Drivers/STM32F4xx_HAL_Driver/Src/stm32f4xx_ll_usb.o
                0x08006048                USB_EP0_OutStart
 .text.USB_CoreReset
                0x08006104       0x62 ./Drivers/STM32F4xx_HAL_Driver/Src/stm32f4xx_ll_usb.o
 *fill*         0x08006166        0x2 
 .text.USBD_CDC_Init
                0x08006168      0x1f0 ./Middlewares/ST/STM32_USB_Device_Library/Class/CDC/Src/usbd_cdc.o
 .text.USBD_CDC_DeInit
                0x08006358      0x104 ./Middlewares/ST/STM32_USB_Device_Library/Class/CDC/Src/usbd_cdc.o
 .text.USBD_CDC_Setup
                0x0800645c      0x1b8 ./Middlewares/ST/STM32_USB_Device_Library/Class/CDC/Src/usbd_cdc.o
 .text.USBD_CDC_DataIn
                0x08006614       0xfe ./Middlewares/ST/STM32_USB_Device_Library/Class/CDC/Src/usbd_cdc.o
 .text.USBD_CDC_DataOut
                0x08006712       0x70 ./Middlewares/ST/STM32_USB_Device_Library/Class/CDC/Src/usbd_cdc.o
 .text.USBD_CDC_EP0_RxReady
                0x08006782       0x74 ./Middlewares/ST/STM32_USB_Device_Library/Class/CDC/Src/usbd_cdc.o
 *fill*         0x080067f6        0x2 
 .text.USBD_CDC_GetFSCfgDesc
                0x080067f8       0x70 ./Middlewares/ST/STM32_USB_Device_Library/Class/CDC/Src/usbd_cdc.o
 .text.USBD_CDC_GetHSCfgDesc
                0x08006868       0x70 ./Middlewares/ST/STM32_USB_Device_Library/Class/CDC/Src/usbd_cdc.o
 .text.USBD_CDC_GetOtherSpeedCfgDesc
                0x080068d8       0x70 ./Middlewares/ST/STM32_USB_Device_Library/Class/CDC/Src/usbd_cdc.o
 .text.USBD_CDC_GetDeviceQualifierDescriptor
                0x08006948       0x20 ./Middlewares/ST/STM32_USB_Device_Library/Class/CDC/Src/usbd_cdc.o
                0x08006948                USBD_CDC_GetDeviceQualifierDescriptor
 .text.USBD_CDC_RegisterInterface
                0x08006968       0x34 ./Middlewares/ST/STM32_USB_Device_Library/Class/CDC/Src/usbd_cdc.o
                0x08006968                USBD_CDC_RegisterInterface
 .text.USBD_CDC_SetTxBuffer
                0x0800699c       0x44 ./Middlewares/ST/STM32_USB_Device_Library/Class/CDC/Src/usbd_cdc.o
                0x0800699c                USBD_CDC_SetTxBuffer
 .text.USBD_CDC_SetRxBuffer
                0x080069e0       0x3a ./Middlewares/ST/STM32_USB_Device_Library/Class/CDC/Src/usbd_cdc.o
                0x080069e0                USBD_CDC_SetRxBuffer
 *fill*         0x08006a1a        0x2 
 .text.USBD_CDC_TransmitPacket
                0x08006a1c       0x80 ./Middlewares/ST/STM32_USB_Device_Library/Class/CDC/Src/usbd_cdc.o
                0x08006a1c                USBD_CDC_TransmitPacket
 .text.USBD_CDC_ReceivePacket
                0x08006a9c       0x6c ./Middlewares/ST/STM32_USB_Device_Library/Class/CDC/Src/usbd_cdc.o
                0x08006a9c                USBD_CDC_ReceivePacket
 .text.USBD_Init
                0x08006b08       0x60 ./Middlewares/ST/STM32_USB_Device_Library/Core/Src/usbd_core.o
                0x08006b08                USBD_Init
 .text.USBD_RegisterClass
                0x08006b68       0x6c ./Middlewares/ST/STM32_USB_Device_Library/Core/Src/usbd_core.o
                0x08006b68                USBD_RegisterClass
 .text.USBD_Start
                0x08006bd4       0x18 ./Middlewares/ST/STM32_USB_Device_Library/Core/Src/usbd_core.o
                0x08006bd4                USBD_Start
 .text.USBD_RunTestMode
                0x08006bec       0x16 ./Middlewares/ST/STM32_USB_Device_Library/Core/Src/usbd_core.o
                0x08006bec                USBD_RunTestMode
 .text.USBD_SetClassConfig
                0x08006c02       0x38 ./Middlewares/ST/STM32_USB_Device_Library/Core/Src/usbd_core.o
                0x08006c02                USBD_SetClassConfig
 .text.USBD_ClrClassConfig
                0x08006c3a       0x34 ./Middlewares/ST/STM32_USB_Device_Library/Core/Src/usbd_core.o
                0x08006c3a                USBD_ClrClassConfig
 .text.USBD_LL_SetupStage
                0x08006c6e       0xaa ./Middlewares/ST/STM32_USB_Device_Library/Core/Src/usbd_core.o
                0x08006c6e                USBD_LL_SetupStage
 .text.USBD_LL_DataOutStage
                0x08006d18      0x166 ./Middlewares/ST/STM32_USB_Device_Library/Core/Src/usbd_core.o
                0x08006d18                USBD_LL_DataOutStage
 .text.USBD_LL_DataInStage
                0x08006e7e      0x164 ./Middlewares/ST/STM32_USB_Device_Library/Core/Src/usbd_core.o
                0x08006e7e                USBD_LL_DataInStage
 .text.USBD_LL_Reset
                0x08006fe2       0xa4 ./Middlewares/ST/STM32_USB_Device_Library/Core/Src/usbd_core.o
                0x08006fe2                USBD_LL_Reset
 .text.USBD_LL_SetSpeed
                0x08007086       0x20 ./Middlewares/ST/STM32_USB_Device_Library/Core/Src/usbd_core.o
                0x08007086                USBD_LL_SetSpeed
 .text.USBD_LL_Suspend
                0x080070a6       0x38 ./Middlewares/ST/STM32_USB_Device_Library/Core/Src/usbd_core.o
                0x080070a6                USBD_LL_Suspend
 .text.USBD_LL_Resume
                0x080070de       0x30 ./Middlewares/ST/STM32_USB_Device_Library/Core/Src/usbd_core.o
                0x080070de                USBD_LL_Resume
 .text.USBD_LL_SOF
                0x0800710e       0x40 ./Middlewares/ST/STM32_USB_Device_Library/Core/Src/usbd_core.o
                0x0800710e                USBD_LL_SOF
 .text.USBD_LL_IsoINIncomplete
                0x0800714e       0x64 ./Middlewares/ST/STM32_USB_Device_Library/Core/Src/usbd_core.o
                0x0800714e                USBD_LL_IsoINIncomplete
 .text.USBD_LL_IsoOUTIncomplete
                0x080071b2       0x64 ./Middlewares/ST/STM32_USB_Device_Library/Core/Src/usbd_core.o
                0x080071b2                USBD_LL_IsoOUTIncomplete
 .text.USBD_LL_DevConnected
                0x08007216       0x16 ./Middlewares/ST/STM32_USB_Device_Library/Core/Src/usbd_core.o
                0x08007216                USBD_LL_DevConnected
 .text.USBD_LL_DevDisconnected
                0x0800722c       0x46 ./Middlewares/ST/STM32_USB_Device_Library/Core/Src/usbd_core.o
                0x0800722c                USBD_LL_DevDisconnected
 .text.USBD_CoreFindIF
                0x08007272       0x1a ./Middlewares/ST/STM32_USB_Device_Library/Core/Src/usbd_core.o
                0x08007272                USBD_CoreFindIF
 .text.USBD_CoreFindEP
                0x0800728c       0x1a ./Middlewares/ST/STM32_USB_Device_Library/Core/Src/usbd_core.o
                0x0800728c                USBD_CoreFindEP
 .text.USBD_GetEpDesc
                0x080072a6       0x70 ./Middlewares/ST/STM32_USB_Device_Library/Core/Src/usbd_core.o
                0x080072a6                USBD_GetEpDesc
 .text.USBD_GetNextDesc
                0x08007316       0x38 ./Middlewares/ST/STM32_USB_Device_Library/Core/Src/usbd_core.o
                0x08007316                USBD_GetNextDesc
 .text.SWAPBYTE
                0x0800734e       0x3c ./Middlewares/ST/STM32_USB_Device_Library/Core/Src/usbd_ctlreq.o
 *fill*         0x0800738a        0x2 
 .text.USBD_StdDevReq
                0x0800738c       0xe4 ./Middlewares/ST/STM32_USB_Device_Library/Core/Src/usbd_ctlreq.o
                0x0800738c                USBD_StdDevReq
 .text.USBD_StdItfReq
                0x08007470       0xd8 ./Middlewares/ST/STM32_USB_Device_Library/Core/Src/usbd_ctlreq.o
                0x08007470                USBD_StdItfReq
 .text.USBD_StdEPReq
                0x08007548      0x33a ./Middlewares/ST/STM32_USB_Device_Library/Core/Src/usbd_ctlreq.o
                0x08007548                USBD_StdEPReq
 *fill*         0x08007882        0x2 
 .text.USBD_GetDescriptor
                0x08007884      0x328 ./Middlewares/ST/STM32_USB_Device_Library/Core/Src/usbd_ctlreq.o
 .text.USBD_SetAddress
                0x08007bac       0x88 ./Middlewares/ST/STM32_USB_Device_Library/Core/Src/usbd_ctlreq.o
 .text.USBD_SetConfig
                0x08007c34      0x154 ./Middlewares/ST/STM32_USB_Device_Library/Core/Src/usbd_ctlreq.o
 .text.USBD_GetConfig
                0x08007d88       0x6c ./Middlewares/ST/STM32_USB_Device_Library/Core/Src/usbd_ctlreq.o
 .text.USBD_GetStatus
                0x08007df4       0x68 ./Middlewares/ST/STM32_USB_Device_Library/Core/Src/usbd_ctlreq.o
 .text.USBD_SetFeature
                0x08007e5c       0x52 ./Middlewares/ST/STM32_USB_Device_Library/Core/Src/usbd_ctlreq.o
 .text.USBD_ClrFeature
                0x08007eae       0x44 ./Middlewares/ST/STM32_USB_Device_Library/Core/Src/usbd_ctlreq.o
 .text.USBD_ParseSetupRequest
                0x08007ef2       0x74 ./Middlewares/ST/STM32_USB_Device_Library/Core/Src/usbd_ctlreq.o
                0x08007ef2                USBD_ParseSetupRequest
 .text.USBD_CtlError
                0x08007f66       0x22 ./Middlewares/ST/STM32_USB_Device_Library/Core/Src/usbd_ctlreq.o
                0x08007f66                USBD_CtlError
 .text.USBD_GetString
                0x08007f88       0xa4 ./Middlewares/ST/STM32_USB_Device_Library/Core/Src/usbd_ctlreq.o
                0x08007f88                USBD_GetString
 .text.USBD_GetLen
                0x0800802c       0x34 ./Middlewares/ST/STM32_USB_Device_Library/Core/Src/usbd_ctlreq.o
 .text.USBD_CtlSendData
                0x08008060       0x36 ./Middlewares/ST/STM32_USB_Device_Library/Core/Src/usbd_ioreq.o
                0x08008060                USBD_CtlSendData
 .text.USBD_CtlContinueSendData
                0x08008096       0x22 ./Middlewares/ST/STM32_USB_Device_Library/Core/Src/usbd_ioreq.o
                0x08008096                USBD_CtlContinueSendData
 .text.USBD_CtlPrepareRx
                0x080080b8       0x3a ./Middlewares/ST/STM32_USB_Device_Library/Core/Src/usbd_ioreq.o
                0x080080b8                USBD_CtlPrepareRx
 .text.USBD_CtlContinueRx
                0x080080f2       0x22 ./Middlewares/ST/STM32_USB_Device_Library/Core/Src/usbd_ioreq.o
                0x080080f2                USBD_CtlContinueRx
 .text.USBD_CtlSendStatus
                0x08008114       0x26 ./Middlewares/ST/STM32_USB_Device_Library/Core/Src/usbd_ioreq.o
                0x08008114                USBD_CtlSendStatus
 .text.USBD_CtlReceiveStatus
                0x0800813a       0x26 ./Middlewares/ST/STM32_USB_Device_Library/Core/Src/usbd_ioreq.o
                0x0800813a                USBD_CtlReceiveStatus
 .text.MX_USB_DEVICE_Init
                0x08008160       0x60 ./USB_DEVICE/App/usb_device.o
                0x08008160                MX_USB_DEVICE_Init
 .text.CDC_Init_FS
                0x080081c0       0x28 ./USB_DEVICE/App/usbd_cdc_if.o
 .text.CDC_DeInit_FS
                0x080081e8       0x10 ./USB_DEVICE/App/usbd_cdc_if.o
 .text.CDC_Control_FS
                0x080081f8       0xbc ./USB_DEVICE/App/usbd_cdc_if.o
 .text.CDC_Receive_FS
                0x080082b4       0x28 ./USB_DEVICE/App/usbd_cdc_if.o
 .text.CDC_Transmit_FS
                0x080082dc       0x4c ./USB_DEVICE/App/usbd_cdc_if.o
                0x080082dc                CDC_Transmit_FS
 .text.CDC_TransmitCplt_FS
                0x08008328       0x22 ./USB_DEVICE/App/usbd_cdc_if.o
 *fill*         0x0800834a        0x2 
 .text.USBD_FS_DeviceDescriptor
                0x0800834c       0x24 ./USB_DEVICE/App/usbd_desc.o
                0x0800834c                USBD_FS_DeviceDescriptor
 .text.USBD_FS_LangIDStrDescriptor
                0x08008370       0x24 ./USB_DEVICE/App/usbd_desc.o
                0x08008370                USBD_FS_LangIDStrDescriptor
 .text.USBD_FS_ProductStrDescriptor
                0x08008394       0x3c ./USB_DEVICE/App/usbd_desc.o
                0x08008394                USBD_FS_ProductStrDescriptor
 .text.USBD_FS_ManufacturerStrDescriptor
                0x080083d0       0x28 ./USB_DEVICE/App/usbd_desc.o
                0x080083d0                USBD_FS_ManufacturerStrDescriptor
 .text.USBD_FS_SerialStrDescriptor
                0x080083f8       0x24 ./USB_DEVICE/App/usbd_desc.o
                0x080083f8                USBD_FS_SerialStrDescriptor
 .text.USBD_FS_ConfigStrDescriptor
                0x0800841c       0x3c ./USB_DEVICE/App/usbd_desc.o
                0x0800841c                USBD_FS_ConfigStrDescriptor
 .text.USBD_FS_InterfaceStrDescriptor
                0x08008458       0x3c ./USB_DEVICE/App/usbd_desc.o
                0x08008458                USBD_FS_InterfaceStrDescriptor
 .text.USBD_FS_USR_BOSDescriptor
                0x08008494       0x24 ./USB_DEVICE/App/usbd_desc.o
                0x08008494                USBD_FS_USR_BOSDescriptor
 .text.Get_SerialNum
                0x080084b8       0x58 ./USB_DEVICE/App/usbd_desc.o
 .text.IntToUnicode
                0x08008510       0x7e ./USB_DEVICE/App/usbd_desc.o
 *fill*         0x0800858e        0x2 
 .text.HAL_PCD_MspInit
                0x08008590       0xd4 ./USB_DEVICE/Target/usbd_conf.o
                0x08008590                HAL_PCD_MspInit
 .text.HAL_PCD_SetupStageCallback
                0x08008664       0x24 ./USB_DEVICE/Target/usbd_conf.o
                0x08008664                HAL_PCD_SetupStageCallback
 .text.HAL_PCD_DataOutStageCallback
                0x08008688       0x36 ./USB_DEVICE/Target/usbd_conf.o
                0x08008688                HAL_PCD_DataOutStageCallback
 .text.HAL_PCD_DataInStageCallback
                0x080086be       0x34 ./USB_DEVICE/Target/usbd_conf.o
                0x080086be                HAL_PCD_DataInStageCallback
 .text.HAL_PCD_SOFCallback
                0x080086f2       0x1c ./USB_DEVICE/Target/usbd_conf.o
                0x080086f2                HAL_PCD_SOFCallback
 .text.HAL_PCD_ResetCallback
                0x0800870e       0x50 ./USB_DEVICE/Target/usbd_conf.o
                0x0800870e                HAL_PCD_ResetCallback
 *fill*         0x0800875e        0x2 
 .text.HAL_PCD_SuspendCallback
                0x08008760       0x4c ./USB_DEVICE/Target/usbd_conf.o
                0x08008760                HAL_PCD_SuspendCallback
 .text.HAL_PCD_ResumeCallback
                0x080087ac       0x1c ./USB_DEVICE/Target/usbd_conf.o
                0x080087ac                HAL_PCD_ResumeCallback
 .text.HAL_PCD_ISOOUTIncompleteCallback
                0x080087c8       0x24 ./USB_DEVICE/Target/usbd_conf.o
                0x080087c8                HAL_PCD_ISOOUTIncompleteCallback
 .text.HAL_PCD_ISOINIncompleteCallback
                0x080087ec       0x24 ./USB_DEVICE/Target/usbd_conf.o
                0x080087ec                HAL_PCD_ISOINIncompleteCallback
 .text.HAL_PCD_ConnectCallback
                0x08008810       0x1c ./USB_DEVICE/Target/usbd_conf.o
                0x08008810                HAL_PCD_ConnectCallback
 .text.HAL_PCD_DisconnectCallback
                0x0800882c       0x1c ./USB_DEVICE/Target/usbd_conf.o
                0x0800882c                HAL_PCD_DisconnectCallback
 .text.USBD_LL_Init
                0x08008848       0x98 ./USB_DEVICE/Target/usbd_conf.o
                0x08008848                USBD_LL_Init
 .text.USBD_LL_Start
                0x080088e0       0x36 ./USB_DEVICE/Target/usbd_conf.o
                0x080088e0                USBD_LL_Start
 .text.USBD_LL_OpenEP
                0x08008916       0x4c ./USB_DEVICE/Target/usbd_conf.o
                0x08008916                USBD_LL_OpenEP
 .text.USBD_LL_CloseEP
                0x08008962       0x3e ./USB_DEVICE/Target/usbd_conf.o
                0x08008962                USBD_LL_CloseEP
 .text.USBD_LL_StallEP
                0x080089a0       0x3e ./USB_DEVICE/Target/usbd_conf.o
                0x080089a0                USBD_LL_StallEP
 .text.USBD_LL_ClearStallEP
                0x080089de       0x3e ./USB_DEVICE/Target/usbd_conf.o
                0x080089de                USBD_LL_ClearStallEP
 .text.USBD_LL_IsStallEP
                0x08008a1c       0x58 ./USB_DEVICE/Target/usbd_conf.o
                0x08008a1c                USBD_LL_IsStallEP
 .text.USBD_LL_SetUSBAddress
                0x08008a74       0x3e ./USB_DEVICE/Target/usbd_conf.o
                0x08008a74                USBD_LL_SetUSBAddress
 .text.USBD_LL_Transmit
                0x08008ab2       0x42 ./USB_DEVICE/Target/usbd_conf.o
                0x08008ab2                USBD_LL_Transmit
 .text.USBD_LL_PrepareReceive
                0x08008af4       0x42 ./USB_DEVICE/Target/usbd_conf.o
                0x08008af4                USBD_LL_PrepareReceive
 .text.USBD_LL_GetRxDataSize
                0x08008b36       0x26 ./USB_DEVICE/Target/usbd_conf.o
                0x08008b36                USBD_LL_GetRxDataSize
 .text.HAL_PCDEx_LPM_Callback
                0x08008b5c       0x9c ./USB_DEVICE/Target/usbd_conf.o
                0x08008b5c                HAL_PCDEx_LPM_Callback
 .text.USBD_static_malloc
                0x08008bf8       0x1c ./USB_DEVICE/Target/usbd_conf.o
                0x08008bf8                USBD_static_malloc
 .text.USBD_static_free
                0x08008c14       0x14 ./USB_DEVICE/Target/usbd_conf.o
                0x08008c14                USBD_static_free
 .text.USBD_Get_USB_Status
                0x08008c28       0x58 ./USB_DEVICE/Target/usbd_conf.o
                0x08008c28                USBD_Get_USB_Status
 .text.memset   0x08008c80       0x10 C:/ST/STM32CubeIDE_1.17.0/STM32CubeIDE/plugins/com.st.stm32cube.ide.mcu.externaltools.gnu-tools-for-stm32.12.3.rel1.win32_1.1.0.202410251130/tools/bin/../lib/gcc/arm-none-eabi/12.3.1/../../../../arm-none-eabi/lib/thumb/v7e-m+fp/hard\libc_nano.a(libc_a-memset.o)
                0x08008c80                memset
 .text.__libc_init_array
                0x08008c90       0x48 C:/ST/STM32CubeIDE_1.17.0/STM32CubeIDE/plugins/com.st.stm32cube.ide.mcu.externaltools.gnu-tools-for-stm32.12.3.rel1.win32_1.1.0.202410251130/tools/bin/../lib/gcc/arm-none-eabi/12.3.1/../../../../arm-none-eabi/lib/thumb/v7e-m+fp/hard\libc_nano.a(libc_a-init.o)
                0x08008c90                __libc_init_array
 *(.glue_7)
 .glue_7        0x08008cd8        0x0 linker stubs
 *(.glue_7t)
 .glue_7t       0x08008cd8        0x0 linker stubs
 *(.eh_frame)
 .eh_frame      0x08008cd8        0x0 C:/ST/STM32CubeIDE_1.17.0/STM32CubeIDE/plugins/com.st.stm32cube.ide.mcu.externaltools.gnu-tools-for-stm32.12.3.rel1.win32_1.1.0.202410251130/tools/bin/../lib/gcc/arm-none-eabi/12.3.1/thumb/v7e-m+fp/hard/crtbegin.o
 *(.init)
 .init          0x08008cd8        0x4 C:/ST/STM32CubeIDE_1.17.0/STM32CubeIDE/plugins/com.st.stm32cube.ide.mcu.externaltools.gnu-tools-for-stm32.12.3.rel1.win32_1.1.0.202410251130/tools/bin/../lib/gcc/arm-none-eabi/12.3.1/thumb/v7e-m+fp/hard/crti.o
                0x08008cd8                _init
 .init          0x08008cdc        0x8 C:/ST/STM32CubeIDE_1.17.0/STM32CubeIDE/plugins/com.st.stm32cube.ide.mcu.externaltools.gnu-tools-for-stm32.12.3.rel1.win32_1.1.0.202410251130/tools/bin/../lib/gcc/arm-none-eabi/12.3.1/thumb/v7e-m+fp/hard/crtn.o
 *(.fini)
 .fini          0x08008ce4        0x4 C:/ST/STM32CubeIDE_1.17.0/STM32CubeIDE/plugins/com.st.stm32cube.ide.mcu.externaltools.gnu-tools-for-stm32.12.3.rel1.win32_1.1.0.202410251130/tools/bin/../lib/gcc/arm-none-eabi/12.3.1/thumb/v7e-m+fp/hard/crti.o
                0x08008ce4                _fini
 .fini          0x08008ce8        0x8 C:/ST/STM32CubeIDE_1.17.0/STM32CubeIDE/plugins/com.st.stm32cube.ide.mcu.externaltools.gnu-tools-for-stm32.12.3.rel1.win32_1.1.0.202410251130/tools/bin/../lib/gcc/arm-none-eabi/12.3.1/thumb/v7e-m+fp/hard/crtn.o
                0x08008cf0                        . = ALIGN (0x4)
                0x08008cf0                        _etext = .

.vfp11_veneer   0x08008cf0        0x0
 .vfp11_veneer  0x08008cf0        0x0 linker stubs

.v4_bx          0x08008cf0        0x0
 .v4_bx         0x08008cf0        0x0 linker stubs

.iplt           0x08008cf0        0x0
 .iplt          0x08008cf0        0x0 C:/ST/STM32CubeIDE_1.17.0/STM32CubeIDE/plugins/com.st.stm32cube.ide.mcu.externaltools.gnu-tools-for-stm32.12.3.rel1.win32_1.1.0.202410251130/tools/bin/../lib/gcc/arm-none-eabi/12.3.1/thumb/v7e-m+fp/hard/crtbegin.o

.rodata         0x08008cf0      0x140
                0x08008cf0                        . = ALIGN (0x4)
 *(.rodata)
 .rodata        0x08008cf0       0xdf ./Core/Src/main.o
 *fill*         0x08008dcf        0x1 
 .rodata        0x08008dd0       0x46 ./USB_DEVICE/App/usbd_desc.o
 *(.rodata*)
 *fill*         0x08008e16        0x2 
 .rodata.AHBPrescTable
                0x08008e18       0x10 ./Core/Src/system_stm32f4xx.o
                0x08008e18                AHBPrescTable
 .rodata.APBPrescTable
                0x08008e28        0x8 ./Core/Src/system_stm32f4xx.o
                0x08008e28                APBPrescTable
                0x08008e30                        . = ALIGN (0x4)

.ARM.extab      0x08008e30        0x0
                0x08008e30                        . = ALIGN (0x4)
 *(.ARM.extab* .gnu.linkonce.armextab.*)
                0x08008e30                        . = ALIGN (0x4)

.ARM            0x08008e30        0x8
                0x08008e30                        . = ALIGN (0x4)
                0x08008e30                        __exidx_start = .
 *(.ARM.exidx*)
 .ARM.exidx     0x08008e30        0x8 C:/ST/STM32CubeIDE_1.17.0/STM32CubeIDE/plugins/com.st.stm32cube.ide.mcu.externaltools.gnu-tools-for-stm32.12.3.rel1.win32_1.1.0.202410251130/tools/bin/../lib/gcc/arm-none-eabi/12.3.1/thumb/v7e-m+fp/hard\libgcc.a(_udivmoddi4.o)
                0x08008e38                        __exidx_end = .
                0x08008e38                        . = ALIGN (0x4)

.preinit_array  0x08008e38        0x0
                0x08008e38                        . = ALIGN (0x4)
                0x08008e38                        PROVIDE (__preinit_array_start = .)
 *(.preinit_array*)
                0x08008e38                        PROVIDE (__preinit_array_end = .)
                0x08008e38                        . = ALIGN (0x4)

.init_array     0x08008e38        0x4
                0x08008e38                        . = ALIGN (0x4)
                0x08008e38                        PROVIDE (__init_array_start = .)
 *(SORT_BY_NAME(.init_array.*))
 *(.init_array*)
 .init_array    0x08008e38        0x4 C:/ST/STM32CubeIDE_1.17.0/STM32CubeIDE/plugins/com.st.stm32cube.ide.mcu.externaltools.gnu-tools-for-stm32.12.3.rel1.win32_1.1.0.202410251130/tools/bin/../lib/gcc/arm-none-eabi/12.3.1/thumb/v7e-m+fp/hard/crtbegin.o
                0x08008e3c                        PROVIDE (__init_array_end = .)
                0x08008e3c                        . = ALIGN (0x4)

.fini_array     0x08008e3c        0x4
                0x08008e3c                        . = ALIGN (0x4)
                [!provide]                        PROVIDE (__fini_array_start = .)
 *(SORT_BY_NAME(.fini_array.*))
 *(.fini_array*)
 .fini_array    0x08008e3c        0x4 C:/ST/STM32CubeIDE_1.17.0/STM32CubeIDE/plugins/com.st.stm32cube.ide.mcu.externaltools.gnu-tools-for-stm32.12.3.rel1.win32_1.1.0.202410251130/tools/bin/../lib/gcc/arm-none-eabi/12.3.1/thumb/v7e-m+fp/hard/crtbegin.o
                [!provide]                        PROVIDE (__fini_array_end = .)
                0x08008e40                        . = ALIGN (0x4)
                0x08008e40                        _sidata = LOADADDR (.data)

.rel.dyn        0x08008e40        0x0
 .rel.iplt      0x08008e40        0x0 C:/ST/STM32CubeIDE_1.17.0/STM32CubeIDE/plugins/com.st.stm32cube.ide.mcu.externaltools.gnu-tools-for-stm32.12.3.rel1.win32_1.1.0.202410251130/tools/bin/../lib/gcc/arm-none-eabi/12.3.1/thumb/v7e-m+fp/hard/crtbegin.o

.data           0x20000000      0x10c load address 0x08008e40
                0x20000000                        . = ALIGN (0x4)
                0x20000000                        _sdata = .
 *(.data)
 *(.data*)
 .data.SystemCoreClock
                0x20000000        0x4 ./Core/Src/system_stm32f4xx.o
                0x20000000                SystemCoreClock
 .data.uwTickPrio
                0x20000004        0x4 ./Drivers/STM32F4xx_HAL_Driver/Src/stm32f4xx_hal.o
                0x20000004                uwTickPrio
 .data.uwTickFreq
                0x20000008        0x1 ./Drivers/STM32F4xx_HAL_Driver/Src/stm32f4xx_hal.o
                0x20000008                uwTickFreq
 *fill*         0x20000009        0x3 
 .data.USBD_CDC_DeviceQualifierDesc
                0x2000000c        0xa ./Middlewares/ST/STM32_USB_Device_Library/Class/CDC/Src/usbd_cdc.o
 *fill*         0x20000016        0x2 
 .data.USBD_CDC
                0x20000018       0x38 ./Middlewares/ST/STM32_USB_Device_Library/Class/CDC/Src/usbd_cdc.o
                0x20000018                USBD_CDC
 .data.USBD_CDC_CfgDesc
                0x20000050       0x43 ./Middlewares/ST/STM32_USB_Device_Library/Class/CDC/Src/usbd_cdc.o
 .data.CDCInEpAdd
                0x20000093        0x1 ./Middlewares/ST/STM32_USB_Device_Library/Class/CDC/Src/usbd_cdc.o
 .data.CDCOutEpAdd
                0x20000094        0x1 ./Middlewares/ST/STM32_USB_Device_Library/Class/CDC/Src/usbd_cdc.o
 .data.CDCCmdEpAdd
                0x20000095        0x1 ./Middlewares/ST/STM32_USB_Device_Library/Class/CDC/Src/usbd_cdc.o
 *fill*         0x20000096        0x2 
 .data.USBD_Interface_fops_FS
                0x20000098       0x14 ./USB_DEVICE/App/usbd_cdc_if.o
                0x20000098                USBD_Interface_fops_FS
 .data.FS_Desc  0x200000ac       0x20 ./USB_DEVICE/App/usbd_desc.o
                0x200000ac                FS_Desc
 .data.USBD_FS_DeviceDesc
                0x200000cc       0x12 ./USB_DEVICE/App/usbd_desc.o
                0x200000cc                USBD_FS_DeviceDesc
 *fill*         0x200000de        0x2 
 .data.USBD_FS_BOSDesc
                0x200000e0        0xc ./USB_DEVICE/App/usbd_desc.o
                0x200000e0                USBD_FS_BOSDesc
 .data.USBD_LangIDDesc
                0x200000ec        0x4 ./USB_DEVICE/App/usbd_desc.o
                0x200000ec                USBD_LangIDDesc
 .data.USBD_StringSerial
                0x200000f0       0x1a ./USB_DEVICE/App/usbd_desc.o
                0x200000f0                USBD_StringSerial
 *(.RamFunc)
 *(.RamFunc*)
                0x2000010c                        . = ALIGN (0x4)
 *fill*         0x2000010a        0x2 
                0x2000010c                        _edata = .

.igot.plt       0x2000010c        0x0 load address 0x08008f4c
 .igot.plt      0x2000010c        0x0 C:/ST/STM32CubeIDE_1.17.0/STM32CubeIDE/plugins/com.st.stm32cube.ide.mcu.externaltools.gnu-tools-for-stm32.12.3.rel1.win32_1.1.0.202410251130/tools/bin/../lib/gcc/arm-none-eabi/12.3.1/thumb/v7e-m+fp/hard/crtbegin.o
                0x2000010c                        . = ALIGN (0x4)

.bss            0x2000010c     0x1c4c load address 0x08008f4c
                0x2000010c                        _sbss = .
                0x2000010c                        __bss_start__ = _sbss
 *(.bss)
 .bss           0x2000010c       0x1c C:/ST/STM32CubeIDE_1.17.0/STM32CubeIDE/plugins/com.st.stm32cube.ide.mcu.externaltools.gnu-tools-for-stm32.12.3.rel1.win32_1.1.0.202410251130/tools/bin/../lib/gcc/arm-none-eabi/12.3.1/thumb/v7e-m+fp/hard/crtbegin.o
 *(.bss*)
 .bss.huart1    0x20000128       0x48 ./Core/Src/main.o
                0x20000128                huart1
 .bss.uwTick    0x20000170        0x4 ./Drivers/STM32F4xx_HAL_Driver/Src/stm32f4xx_hal.o
                0x20000170                uwTick
 .bss.cfgidx.0  0x20000174        0x1 ./Middlewares/ST/STM32_USB_Device_Library/Core/Src/usbd_ctlreq.o
 *fill*         0x20000175        0x3 
 .bss.hUsbDeviceFS
                0x20000178      0x2dc ./USB_DEVICE/App/usb_device.o
                0x20000178                hUsbDeviceFS
 .bss.UserRxBufferFS
                0x20000454      0x800 ./USB_DEVICE/App/usbd_cdc_if.o
                0x20000454                UserRxBufferFS
 .bss.UserTxBufferFS
                0x20000c54      0x800 ./USB_DEVICE/App/usbd_cdc_if.o
                0x20000c54                UserTxBufferFS
 .bss.USBD_StrDesc
                0x20001454      0x200 ./USB_DEVICE/App/usbd_desc.o
                0x20001454                USBD_StrDesc
 .bss.hpcd_USB_OTG_FS
                0x20001654      0x4e4 ./USB_DEVICE/Target/usbd_conf.o
                0x20001654                hpcd_USB_OTG_FS
 .bss.mem.0     0x20001b38      0x220 ./USB_DEVICE/Target/usbd_conf.o
 *(COMMON)
                0x20001d58                        . = ALIGN (0x4)
                0x20001d58                        _ebss = .
                0x20001d58                        __bss_end__ = _ebss

._user_heap_stack
                0x20001d58      0x600 load address 0x08008f4c
                0x20001d58                        . = ALIGN (0x8)
                [!provide]                        PROVIDE (end = .)
                0x20001d58                        PROVIDE (_end = .)
                0x20001f58                        . = (. + _Min_Heap_Size)
 *fill*         0x20001d58      0x200 
                0x20002358                        . = (. + _Min_Stack_Size)
 *fill*         0x20001f58      0x400 
                0x20002358                        . = ALIGN (0x8)

/DISCARD/
 libc.a(*)
 libm.a(*)
 libgcc.a(*)

.ARM.attributes
                0x00000000       0x30
 *(.ARM.attributes)
 .ARM.attributes
                0x00000000       0x22 C:/ST/STM32CubeIDE_1.17.0/STM32CubeIDE/plugins/com.st.stm32cube.ide.mcu.externaltools.gnu-tools-for-stm32.12.3.rel1.win32_1.1.0.202410251130/tools/bin/../lib/gcc/arm-none-eabi/12.3.1/thumb/v7e-m+fp/hard/crti.o
 .ARM.attributes
                0x00000022       0x34 C:/ST/STM32CubeIDE_1.17.0/STM32CubeIDE/plugins/com.st.stm32cube.ide.mcu.externaltools.gnu-tools-for-stm32.12.3.rel1.win32_1.1.0.202410251130/tools/bin/../lib/gcc/arm-none-eabi/12.3.1/thumb/v7e-m+fp/hard/crtbegin.o
 .ARM.attributes
                0x00000056       0x34 ./Core/Src/main.o
 .ARM.attributes
                0x0000008a       0x34 ./Core/Src/stm32f4xx_hal_msp.o
 .ARM.attributes
                0x000000be       0x34 ./Core/Src/stm32f4xx_it.o
 .ARM.attributes
                0x000000f2       0x34 ./Core/Src/system_stm32f4xx.o
 .ARM.attributes
                0x00000126       0x21 ./Core/Startup/startup_stm32f446retx.o
 .ARM.attributes
                0x00000147       0x34 ./Drivers/STM32F4xx_HAL_Driver/Src/stm32f4xx_hal.o
 .ARM.attributes
                0x0000017b       0x34 ./Drivers/STM32F4xx_HAL_Driver/Src/stm32f4xx_hal_cortex.o
 .ARM.attributes
                0x000001af       0x34 ./Drivers/STM32F4xx_HAL_Driver/Src/stm32f4xx_hal_dma.o
 .ARM.attributes
                0x000001e3       0x34 ./Drivers/STM32F4xx_HAL_Driver/Src/stm32f4xx_hal_gpio.o
 .ARM.attributes
                0x00000217       0x34 ./Drivers/STM32F4xx_HAL_Driver/Src/stm32f4xx_hal_pcd.o
 .ARM.attributes
                0x0000024b       0x34 ./Drivers/STM32F4xx_HAL_Driver/Src/stm32f4xx_hal_pcd_ex.o
 .ARM.attributes
                0x0000027f       0x34 ./Drivers/STM32F4xx_HAL_Driver/Src/stm32f4xx_hal_rcc.o
 .ARM.attributes
                0x000002b3       0x34 ./Drivers/STM32F4xx_HAL_Driver/Src/stm32f4xx_hal_rcc_ex.o
 .ARM.attributes
                0x000002e7       0x34 ./Drivers/STM32F4xx_HAL_Driver/Src/stm32f4xx_hal_uart.o
 .ARM.attributes
                0x0000031b       0x34 ./Drivers/STM32F4xx_HAL_Driver/Src/stm32f4xx_ll_usb.o
 .ARM.attributes
                0x0000034f       0x34 ./Middlewares/ST/STM32_USB_Device_Library/Class/CDC/Src/usbd_cdc.o
 .ARM.attributes
                0x00000383       0x34 ./Middlewares/ST/STM32_USB_Device_Library/Core/Src/usbd_core.o
 .ARM.attributes
                0x000003b7       0x34 ./Middlewares/ST/STM32_USB_Device_Library/Core/Src/usbd_ctlreq.o
 .ARM.attributes
                0x000003eb       0x34 ./Middlewares/ST/STM32_USB_Device_Library/Core/Src/usbd_ioreq.o
 .ARM.attributes
                0x0000041f       0x34 ./USB_DEVICE/App/usb_device.o
 .ARM.attributes
                0x00000453       0x34 ./USB_DEVICE/App/usbd_cdc_if.o
 .ARM.attributes
                0x00000487       0x34 ./USB_DEVICE/App/usbd_desc.o
 .ARM.attributes
                0x000004bb       0x34 ./USB_DEVICE/Target/usbd_conf.o
 .ARM.attributes
                0x000004ef       0x34 C:/ST/STM32CubeIDE_1.17.0/STM32CubeIDE/plugins/com.st.stm32cube.ide.mcu.externaltools.gnu-tools-for-stm32.12.3.rel1.win32_1.1.0.202410251130/tools/bin/../lib/gcc/arm-none-eabi/12.3.1/../../../../arm-none-eabi/lib/thumb/v7e-m+fp/hard\libc_nano.a(libc_a-memset.o)
 .ARM.attributes
                0x00000523       0x34 C:/ST/STM32CubeIDE_1.17.0/STM32CubeIDE/plugins/com.st.stm32cube.ide.mcu.externaltools.gnu-tools-for-stm32.12.3.rel1.win32_1.1.0.202410251130/tools/bin/../lib/gcc/arm-none-eabi/12.3.1/../../../../arm-none-eabi/lib/thumb/v7e-m+fp/hard\libc_nano.a(libc_a-init.o)
 .ARM.attributes
                0x00000557       0x22 C:/ST/STM32CubeIDE_1.17.0/STM32CubeIDE/plugins/com.st.stm32cube.ide.mcu.externaltools.gnu-tools-for-stm32.12.3.rel1.win32_1.1.0.202410251130/tools/bin/../lib/gcc/arm-none-eabi/12.3.1/thumb/v7e-m+fp/hard\libgcc.a(_aeabi_uldivmod.o)
 .ARM.attributes
                0x00000579       0x34 C:/ST/STM32CubeIDE_1.17.0/STM32CubeIDE/plugins/com.st.stm32cube.ide.mcu.externaltools.gnu-tools-for-stm32.12.3.rel1.win32_1.1.0.202410251130/tools/bin/../lib/gcc/arm-none-eabi/12.3.1/thumb/v7e-m+fp/hard\libgcc.a(_udivmoddi4.o)
 .ARM.attributes
                0x000005ad       0x22 C:/ST/STM32CubeIDE_1.17.0/STM32CubeIDE/plugins/com.st.stm32cube.ide.mcu.externaltools.gnu-tools-for-stm32.12.3.rel1.win32_1.1.0.202410251130/tools/bin/../lib/gcc/arm-none-eabi/12.3.1/thumb/v7e-m+fp/hard\libgcc.a(_dvmd_tls.o)
 .ARM.attributes
                0x000005cf       0x22 C:/ST/STM32CubeIDE_1.17.0/STM32CubeIDE/plugins/com.st.stm32cube.ide.mcu.externaltools.gnu-tools-for-stm32.12.3.rel1.win32_1.1.0.202410251130/tools/bin/../lib/gcc/arm-none-eabi/12.3.1/thumb/v7e-m+fp/hard/crtn.o
OUTPUT(CAR_REMOTE_STM32.elf elf32-littlearm)
LOAD linker stubs
LOAD C:/ST/STM32CubeIDE_1.17.0/STM32CubeIDE/plugins/com.st.stm32cube.ide.mcu.externaltools.gnu-tools-for-stm32.12.3.rel1.win32_1.1.0.202410251130/tools/bin/../lib/gcc/arm-none-eabi/12.3.1/../../../../arm-none-eabi/lib/thumb/v7e-m+fp/hard\libc.a
LOAD C:/ST/STM32CubeIDE_1.17.0/STM32CubeIDE/plugins/com.st.stm32cube.ide.mcu.externaltools.gnu-tools-for-stm32.12.3.rel1.win32_1.1.0.202410251130/tools/bin/../lib/gcc/arm-none-eabi/12.3.1/../../../../arm-none-eabi/lib/thumb/v7e-m+fp/hard\libm.a
LOAD C:/ST/STM32CubeIDE_1.17.0/STM32CubeIDE/plugins/com.st.stm32cube.ide.mcu.externaltools.gnu-tools-for-stm32.12.3.rel1.win32_1.1.0.202410251130/tools/bin/../lib/gcc/arm-none-eabi/12.3.1/thumb/v7e-m+fp/hard\libgcc.a

.debug_info     0x00000000    0x133f5
 .debug_info    0x00000000      0xf4f ./Core/Src/main.o
 .debug_info    0x00000f4f      0xba6 ./Core/Src/stm32f4xx_hal_msp.o
 .debug_info    0x00001af5      0xbaa ./Core/Src/stm32f4xx_it.o
 .debug_info    0x0000269f      0x54a ./Core/Src/system_stm32f4xx.o
 .debug_info    0x00002be9       0x30 ./Core/Startup/startup_stm32f446retx.o
 .debug_info    0x00002c19      0x99a ./Drivers/STM32F4xx_HAL_Driver/Src/stm32f4xx_hal.o
 .debug_info    0x000035b3      0xdaa ./Drivers/STM32F4xx_HAL_Driver/Src/stm32f4xx_hal_cortex.o
 .debug_info    0x0000435d      0x8e7 ./Drivers/STM32F4xx_HAL_Driver/Src/stm32f4xx_hal_dma.o
 .debug_info    0x00004c44      0x70b ./Drivers/STM32F4xx_HAL_Driver/Src/stm32f4xx_hal_gpio.o
 .debug_info    0x0000534f     0x15e3 ./Drivers/STM32F4xx_HAL_Driver/Src/stm32f4xx_hal_pcd.o
 .debug_info    0x00006932      0x7b4 ./Drivers/STM32F4xx_HAL_Driver/Src/stm32f4xx_hal_pcd_ex.o
 .debug_info    0x000070e6      0x8eb ./Drivers/STM32F4xx_HAL_Driver/Src/stm32f4xx_hal_rcc.o
 .debug_info    0x000079d1      0x956 ./Drivers/STM32F4xx_HAL_Driver/Src/stm32f4xx_hal_rcc_ex.o
 .debug_info    0x00008327     0x2f4f ./Drivers/STM32F4xx_HAL_Driver/Src/stm32f4xx_hal_uart.o
 .debug_info    0x0000b276     0x19f1 ./Drivers/STM32F4xx_HAL_Driver/Src/stm32f4xx_ll_usb.o
 .debug_info    0x0000cc67     0x1315 ./Middlewares/ST/STM32_USB_Device_Library/Class/CDC/Src/usbd_cdc.o
 .debug_info    0x0000df7c      0xe12 ./Middlewares/ST/STM32_USB_Device_Library/Core/Src/usbd_core.o
 .debug_info    0x0000ed8e      0xaeb ./Middlewares/ST/STM32_USB_Device_Library/Core/Src/usbd_ctlreq.o
 .debug_info    0x0000f879      0x762 ./Middlewares/ST/STM32_USB_Device_Library/Core/Src/usbd_ioreq.o
 .debug_info    0x0000ffdb      0x70e ./USB_DEVICE/App/usb_device.o
 .debug_info    0x000106e9      0x907 ./USB_DEVICE/App/usbd_cdc_if.o
 .debug_info    0x00010ff0      0x4ba ./USB_DEVICE/App/usbd_desc.o
 .debug_info    0x000114aa     0x1f4b ./USB_DEVICE/Target/usbd_conf.o

.debug_abbrev   0x00000000     0x3318
 .debug_abbrev  0x00000000      0x2bd ./Core/Src/main.o
 .debug_abbrev  0x000002bd      0x1cc ./Core/Src/stm32f4xx_hal_msp.o
 .debug_abbrev  0x00000489      0x20c ./Core/Src/stm32f4xx_it.o
 .debug_abbrev  0x00000695      0x11a ./Core/Src/system_stm32f4xx.o
 .debug_abbrev  0x000007af       0x24 ./Core/Startup/startup_stm32f446retx.o
 .debug_abbrev  0x000007d3      0x214 ./Drivers/STM32F4xx_HAL_Driver/Src/stm32f4xx_hal.o
 .debug_abbrev  0x000009e7      0x31d ./Drivers/STM32F4xx_HAL_Driver/Src/stm32f4xx_hal_cortex.o
 .debug_abbrev  0x00000d04      0x264 ./Drivers/STM32F4xx_HAL_Driver/Src/stm32f4xx_hal_dma.o
 .debug_abbrev  0x00000f68      0x1d4 ./Drivers/STM32F4xx_HAL_Driver/Src/stm32f4xx_hal_gpio.o
 .debug_abbrev  0x0000113c      0x2d0 ./Drivers/STM32F4xx_HAL_Driver/Src/stm32f4xx_hal_pcd.o
 .debug_abbrev  0x0000140c      0x1dd ./Drivers/STM32F4xx_HAL_Driver/Src/stm32f4xx_hal_pcd_ex.o
 .debug_abbrev  0x000015e9      0x2b7 ./Drivers/STM32F4xx_HAL_Driver/Src/stm32f4xx_hal_rcc.o
 .debug_abbrev  0x000018a0      0x20a ./Drivers/STM32F4xx_HAL_Driver/Src/stm32f4xx_hal_rcc_ex.o
 .debug_abbrev  0x00001aaa      0x30e ./Drivers/STM32F4xx_HAL_Driver/Src/stm32f4xx_hal_uart.o
 .debug_abbrev  0x00001db8      0x2b3 ./Drivers/STM32F4xx_HAL_Driver/Src/stm32f4xx_ll_usb.o
 .debug_abbrev  0x0000206b      0x2d2 ./Middlewares/ST/STM32_USB_Device_Library/Class/CDC/Src/usbd_cdc.o
 .debug_abbrev  0x0000233d      0x27c ./Middlewares/ST/STM32_USB_Device_Library/Core/Src/usbd_core.o
 .debug_abbrev  0x000025b9      0x26f ./Middlewares/ST/STM32_USB_Device_Library/Core/Src/usbd_ctlreq.o
 .debug_abbrev  0x00002828      0x19a ./Middlewares/ST/STM32_USB_Device_Library/Core/Src/usbd_ioreq.o
 .debug_abbrev  0x000029c2      0x195 ./USB_DEVICE/App/usb_device.o
 .debug_abbrev  0x00002b57      0x29d ./USB_DEVICE/App/usbd_cdc_if.o
 .debug_abbrev  0x00002df4      0x1e3 ./USB_DEVICE/App/usbd_desc.o
 .debug_abbrev  0x00002fd7      0x341 ./USB_DEVICE/Target/usbd_conf.o

.debug_aranges  0x00000000      0xed8
 .debug_aranges
                0x00000000       0x48 ./Core/Src/main.o
 .debug_aranges
                0x00000048       0x30 ./Core/Src/stm32f4xx_hal_msp.o
 .debug_aranges
                0x00000078       0xa0 ./Core/Src/stm32f4xx_it.o
 .debug_aranges
                0x00000118       0x28 ./Core/Src/system_stm32f4xx.o
 .debug_aranges
                0x00000140       0x28 ./Core/Startup/startup_stm32f446retx.o
 .debug_aranges
                0x00000168       0xf0 ./Drivers/STM32F4xx_HAL_Driver/Src/stm32f4xx_hal.o
 .debug_aranges
                0x00000258      0x130 ./Drivers/STM32F4xx_HAL_Driver/Src/stm32f4xx_hal_cortex.o
 .debug_aranges
                0x00000388       0x90 ./Drivers/STM32F4xx_HAL_Driver/Src/stm32f4xx_hal_dma.o
 .debug_aranges
                0x00000418       0x58 ./Drivers/STM32F4xx_HAL_Driver/Src/stm32f4xx_hal_gpio.o
 .debug_aranges
                0x00000470      0x148 ./Drivers/STM32F4xx_HAL_Driver/Src/stm32f4xx_hal_pcd.o
 .debug_aranges
                0x000005b8       0x48 ./Drivers/STM32F4xx_HAL_Driver/Src/stm32f4xx_hal_pcd_ex.o
 .debug_aranges
                0x00000600       0x88 ./Drivers/STM32F4xx_HAL_Driver/Src/stm32f4xx_hal_rcc.o
 .debug_aranges
                0x00000688       0x78 ./Drivers/STM32F4xx_HAL_Driver/Src/stm32f4xx_hal_rcc_ex.o
 .debug_aranges
                0x00000700      0x208 ./Drivers/STM32F4xx_HAL_Driver/Src/stm32f4xx_hal_uart.o
 .debug_aranges
                0x00000908      0x1a0 ./Drivers/STM32F4xx_HAL_Driver/Src/stm32f4xx_ll_usb.o
 .debug_aranges
                0x00000aa8       0x90 ./Middlewares/ST/STM32_USB_Device_Library/Class/CDC/Src/usbd_cdc.o
 .debug_aranges
                0x00000b38       0xd8 ./Middlewares/ST/STM32_USB_Device_Library/Core/Src/usbd_core.o
 .debug_aranges
                0x00000c10       0x90 ./Middlewares/ST/STM32_USB_Device_Library/Core/Src/usbd_ctlreq.o
 .debug_aranges
                0x00000ca0       0x50 ./Middlewares/ST/STM32_USB_Device_Library/Core/Src/usbd_ioreq.o
 .debug_aranges
                0x00000cf0       0x20 ./USB_DEVICE/App/usb_device.o
 .debug_aranges
                0x00000d10       0x48 ./USB_DEVICE/App/usbd_cdc_if.o
 .debug_aranges
                0x00000d58       0x68 ./USB_DEVICE/App/usbd_desc.o
 .debug_aranges
                0x00000dc0      0x118 ./USB_DEVICE/Target/usbd_conf.o

.debug_rnglists
                0x00000000      0xb3b
 .debug_rnglists
                0x00000000       0x34 ./Core/Src/main.o
 .debug_rnglists
                0x00000034       0x20 ./Core/Src/stm32f4xx_hal_msp.o
 .debug_rnglists
                0x00000054       0x73 ./Core/Src/stm32f4xx_it.o
 .debug_rnglists
                0x000000c7       0x1a ./Core/Src/system_stm32f4xx.o
 .debug_rnglists
                0x000000e1       0x19 ./Core/Startup/startup_stm32f446retx.o
 .debug_rnglists
                0x000000fa       0xaf ./Drivers/STM32F4xx_HAL_Driver/Src/stm32f4xx_hal.o
 .debug_rnglists
                0x000001a9       0xe0 ./Drivers/STM32F4xx_HAL_Driver/Src/stm32f4xx_hal_cortex.o
 .debug_rnglists
                0x00000289       0x70 ./Drivers/STM32F4xx_HAL_Driver/Src/stm32f4xx_hal_dma.o
 .debug_rnglists
                0x000002f9       0x3f ./Drivers/STM32F4xx_HAL_Driver/Src/stm32f4xx_hal_gpio.o
 .debug_rnglists
                0x00000338       0xfa ./Drivers/STM32F4xx_HAL_Driver/Src/stm32f4xx_hal_pcd.o
 .debug_rnglists
                0x00000432       0x32 ./Drivers/STM32F4xx_HAL_Driver/Src/stm32f4xx_hal_pcd_ex.o
 .debug_rnglists
                0x00000464       0x66 ./Drivers/STM32F4xx_HAL_Driver/Src/stm32f4xx_hal_rcc.o
 .debug_rnglists
                0x000004ca       0x5e ./Drivers/STM32F4xx_HAL_Driver/Src/stm32f4xx_hal_rcc_ex.o
 .debug_rnglists
                0x00000528      0x1bc ./Drivers/STM32F4xx_HAL_Driver/Src/stm32f4xx_hal_uart.o
 .debug_rnglists
                0x000006e4      0x147 ./Drivers/STM32F4xx_HAL_Driver/Src/stm32f4xx_ll_usb.o
 .debug_rnglists
                0x0000082b       0x6c ./Middlewares/ST/STM32_USB_Device_Library/Class/CDC/Src/usbd_cdc.o
 .debug_rnglists
                0x00000897       0xa1 ./Middlewares/ST/STM32_USB_Device_Library/Core/Src/usbd_core.o
 .debug_rnglists
                0x00000938       0x6e ./Middlewares/ST/STM32_USB_Device_Library/Core/Src/usbd_ctlreq.o
 .debug_rnglists
                0x000009a6       0x37 ./Middlewares/ST/STM32_USB_Device_Library/Core/Src/usbd_ioreq.o
 .debug_rnglists
                0x000009dd       0x13 ./USB_DEVICE/App/usb_device.o
 .debug_rnglists
                0x000009f0       0x32 ./USB_DEVICE/App/usbd_cdc_if.o
 .debug_rnglists
                0x00000a22       0x49 ./USB_DEVICE/App/usbd_desc.o
 .debug_rnglists
                0x00000a6b       0xd0 ./USB_DEVICE/Target/usbd_conf.o

.debug_macro    0x00000000    0x23cee
 .debug_macro   0x00000000      0x39b ./Core/Src/main.o
 .debug_macro   0x0000039b      0xab4 ./Core/Src/main.o
 .debug_macro   0x00000e4f      0x29b ./Core/Src/main.o
 .debug_macro   0x000010ea       0x2e ./Core/Src/main.o
 .debug_macro   0x00001118       0x28 ./Core/Src/main.o
 .debug_macro   0x00001140       0x22 ./Core/Src/main.o
 .debug_macro   0x00001162       0x8e ./Core/Src/main.o
 .debug_macro   0x000011f0       0x51 ./Core/Src/main.o
 .debug_macro   0x00001241      0x103 ./Core/Src/main.o
 .debug_macro   0x00001344       0x6a ./Core/Src/main.o
 .debug_macro   0x000013ae      0x1df ./Core/Src/main.o
 .debug_macro   0x0000158d       0x1c ./Core/Src/main.o
 .debug_macro   0x000015a9       0x22 ./Core/Src/main.o
 .debug_macro   0x000015cb       0xfb ./Core/Src/main.o
 .debug_macro   0x000016c6     0x1011 ./Core/Src/main.o
 .debug_macro   0x000026d7      0x11f ./Core/Src/main.o
 .debug_macro   0x000027f6    0x16749 ./Core/Src/main.o
 .debug_macro   0x00018f3f       0x6d ./Core/Src/main.o
 .debug_macro   0x00018fac     0x369a ./Core/Src/main.o
 .debug_macro   0x0001c646      0x189 ./Core/Src/main.o
 .debug_macro   0x0001c7cf       0x5c ./Core/Src/main.o
 .debug_macro   0x0001c82b      0xca5 ./Core/Src/main.o
 .debug_macro   0x0001d4d0      0x9e9 ./Core/Src/main.o
 .debug_macro   0x0001deb9      0x115 ./Core/Src/main.o
 .debug_macro   0x0001dfce      0x1a0 ./Core/Src/main.o
 .debug_macro   0x0001e16e       0xa5 ./Core/Src/main.o
 .debug_macro   0x0001e213      0x16d ./Core/Src/main.o
 .debug_macro   0x0001e380      0x287 ./Core/Src/main.o
 .debug_macro   0x0001e607       0x5f ./Core/Src/main.o
 .debug_macro   0x0001e666      0x236 ./Core/Src/main.o
 .debug_macro   0x0001e89c      0x132 ./Core/Src/main.o
 .debug_macro   0x0001e9ce      0x29c ./Core/Src/main.o
 .debug_macro   0x0001ec6a       0x2e ./Core/Src/main.o
 .debug_macro   0x0001ec98      0x127 ./Core/Src/main.o
 .debug_macro   0x0001edbf       0xe8 ./Core/Src/main.o
 .debug_macro   0x0001eea7       0x89 ./Core/Src/main.o
 .debug_macro   0x0001ef30      0x2aa ./Core/Src/main.o
 .debug_macro   0x0001f1da      0x293 ./Core/Src/main.o
 .debug_macro   0x0001f46d       0xba ./Core/Src/main.o
 .debug_macro   0x0001f527      0x126 ./Core/Src/main.o
 .debug_macro   0x0001f64d       0x1c ./Core/Src/main.o
 .debug_macro   0x0001f669       0x61 ./Core/Src/main.o
 .debug_macro   0x0001f6ca       0x2a ./Core/Src/main.o
 .debug_macro   0x0001f6f4       0x43 ./Core/Src/main.o
 .debug_macro   0x0001f737       0x34 ./Core/Src/main.o
 .debug_macro   0x0001f76b       0x16 ./Core/Src/main.o
 .debug_macro   0x0001f781       0x35 ./Core/Src/main.o
 .debug_macro   0x0001f7b6      0x369 ./Core/Src/main.o
 .debug_macro   0x0001fb1f       0x10 ./Core/Src/main.o
 .debug_macro   0x0001fb2f       0x16 ./Core/Src/main.o
 .debug_macro   0x0001fb45       0x43 ./Core/Src/main.o
 .debug_macro   0x0001fb88       0x34 ./Core/Src/main.o
 .debug_macro   0x0001fbbc       0x10 ./Core/Src/main.o
 .debug_macro   0x0001fbcc       0x58 ./Core/Src/main.o
 .debug_macro   0x0001fc24       0x8e ./Core/Src/main.o
 .debug_macro   0x0001fcb2       0x1c ./Core/Src/main.o
 .debug_macro   0x0001fcce      0x177 ./Core/Src/main.o
 .debug_macro   0x0001fe45       0x16 ./Core/Src/main.o
 .debug_macro   0x0001fe5b       0x16 ./Core/Src/main.o
 .debug_macro   0x0001fe71      0x146 ./Core/Src/main.o
 .debug_macro   0x0001ffb7       0x16 ./Core/Src/main.o
 .debug_macro   0x0001ffcd       0x16 ./Core/Src/main.o
 .debug_macro   0x0001ffe3       0x29 ./Core/Src/main.o
 .debug_macro   0x0002000c       0x16 ./Core/Src/main.o
 .debug_macro   0x00020022       0x20 ./Core/Src/main.o
 .debug_macro   0x00020042       0x65 ./Core/Src/main.o
 .debug_macro   0x000200a7      0x20f ./Core/Src/main.o
 .debug_macro   0x000202b6       0x95 ./Core/Src/main.o
 .debug_macro   0x0002034b       0x10 ./Core/Src/main.o
 .debug_macro   0x0002035b      0x1ed ./Core/Src/stm32f4xx_hal_msp.o
 .debug_macro   0x00020548      0x1f7 ./Core/Src/stm32f4xx_it.o
 .debug_macro   0x0002073f      0x1de ./Core/Src/system_stm32f4xx.o
 .debug_macro   0x0002091d      0x23e ./Drivers/STM32F4xx_HAL_Driver/Src/stm32f4xx_hal.o
 .debug_macro   0x00020b5b      0x1de ./Drivers/STM32F4xx_HAL_Driver/Src/stm32f4xx_hal_cortex.o
 .debug_macro   0x00020d39      0x1e4 ./Drivers/STM32F4xx_HAL_Driver/Src/stm32f4xx_hal_dma.o
 .debug_macro   0x00020f1d      0x1e4 ./Drivers/STM32F4xx_HAL_Driver/Src/stm32f4xx_hal_gpio.o
 .debug_macro   0x00021101      0x1ea ./Drivers/STM32F4xx_HAL_Driver/Src/stm32f4xx_hal_pcd.o
 .debug_macro   0x000212eb      0x1de ./Drivers/STM32F4xx_HAL_Driver/Src/stm32f4xx_hal_pcd_ex.o
 .debug_macro   0x000214c9      0x202 ./Drivers/STM32F4xx_HAL_Driver/Src/stm32f4xx_hal_rcc.o
 .debug_macro   0x000216cb      0x1de ./Drivers/STM32F4xx_HAL_Driver/Src/stm32f4xx_hal_rcc_ex.o
 .debug_macro   0x000218a9      0x1df ./Drivers/STM32F4xx_HAL_Driver/Src/stm32f4xx_hal_uart.o
 .debug_macro   0x00021a88      0x1de ./Drivers/STM32F4xx_HAL_Driver/Src/stm32f4xx_ll_usb.o
 .debug_macro   0x00021c66      0x37c ./Middlewares/ST/STM32_USB_Device_Library/Class/CDC/Src/usbd_cdc.o
 .debug_macro   0x00021fe2       0x9e ./Middlewares/ST/STM32_USB_Device_Library/Class/CDC/Src/usbd_cdc.o
 .debug_macro   0x00022080      0x10b ./Middlewares/ST/STM32_USB_Device_Library/Class/CDC/Src/usbd_cdc.o
 .debug_macro   0x0002218b       0x56 ./Middlewares/ST/STM32_USB_Device_Library/Class/CDC/Src/usbd_cdc.o
 .debug_macro   0x000221e1      0x363 ./Middlewares/ST/STM32_USB_Device_Library/Core/Src/usbd_core.o
 .debug_macro   0x00022544      0x215 ./Middlewares/ST/STM32_USB_Device_Library/Core/Src/usbd_core.o
 .debug_macro   0x00022759      0x36d ./Middlewares/ST/STM32_USB_Device_Library/Core/Src/usbd_ctlreq.o
 .debug_macro   0x00022ac6      0x369 ./Middlewares/ST/STM32_USB_Device_Library/Core/Src/usbd_ioreq.o
 .debug_macro   0x00022e2f      0x39c ./USB_DEVICE/App/usb_device.o
 .debug_macro   0x000231cb       0x22 ./USB_DEVICE/App/usb_device.o
 .debug_macro   0x000231ed       0x22 ./USB_DEVICE/App/usb_device.o
 .debug_macro   0x0002320f       0x16 ./USB_DEVICE/App/usb_device.o
 .debug_macro   0x00023225      0x387 ./USB_DEVICE/App/usbd_cdc_if.o
 .debug_macro   0x000235ac      0x3a6 ./USB_DEVICE/App/usbd_desc.o
 .debug_macro   0x00023952       0x1c ./USB_DEVICE/App/usbd_desc.o
 .debug_macro   0x0002396e      0x380 ./USB_DEVICE/Target/usbd_conf.o

.debug_line     0x00000000    0x1471b
 .debug_line    0x00000000      0xb75 ./Core/Src/main.o
 .debug_line    0x00000b75      0x7ac ./Core/Src/stm32f4xx_hal_msp.o
 .debug_line    0x00001321      0x8df ./Core/Src/stm32f4xx_it.o
 .debug_line    0x00001c00      0x7e1 ./Core/Src/system_stm32f4xx.o
 .debug_line    0x000023e1       0x7a ./Core/Startup/startup_stm32f446retx.o
 .debug_line    0x0000245b      0xa4a ./Drivers/STM32F4xx_HAL_Driver/Src/stm32f4xx_hal.o
 .debug_line    0x00002ea5      0xd3c ./Drivers/STM32F4xx_HAL_Driver/Src/stm32f4xx_hal_cortex.o
 .debug_line    0x00003be1      0xfba ./Drivers/STM32F4xx_HAL_Driver/Src/stm32f4xx_hal_dma.o
 .debug_line    0x00004b9b      0xbc2 ./Drivers/STM32F4xx_HAL_Driver/Src/stm32f4xx_hal_gpio.o
 .debug_line    0x0000575d     0x1558 ./Drivers/STM32F4xx_HAL_Driver/Src/stm32f4xx_hal_pcd.o
 .debug_line    0x00006cb5      0x87e ./Drivers/STM32F4xx_HAL_Driver/Src/stm32f4xx_hal_pcd_ex.o
 .debug_line    0x00007533      0xde1 ./Drivers/STM32F4xx_HAL_Driver/Src/stm32f4xx_hal_rcc.o
 .debug_line    0x00008314     0x1451 ./Drivers/STM32F4xx_HAL_Driver/Src/stm32f4xx_hal_rcc_ex.o
 .debug_line    0x00009765     0x291c ./Drivers/STM32F4xx_HAL_Driver/Src/stm32f4xx_hal_uart.o
 .debug_line    0x0000c081     0x1e13 ./Drivers/STM32F4xx_HAL_Driver/Src/stm32f4xx_ll_usb.o
 .debug_line    0x0000de94      0xee0 ./Middlewares/ST/STM32_USB_Device_Library/Class/CDC/Src/usbd_cdc.o
 .debug_line    0x0000ed74      0xf5a ./Middlewares/ST/STM32_USB_Device_Library/Core/Src/usbd_core.o
 .debug_line    0x0000fcce     0x1187 ./Middlewares/ST/STM32_USB_Device_Library/Core/Src/usbd_ctlreq.o
 .debug_line    0x00010e55      0xa74 ./Middlewares/ST/STM32_USB_Device_Library/Core/Src/usbd_ioreq.o
 .debug_line    0x000118c9      0xa30 ./USB_DEVICE/App/usb_device.o
 .debug_line    0x000122f9      0xa93 ./USB_DEVICE/App/usbd_cdc_if.o
 .debug_line    0x00012d8c      0xb14 ./USB_DEVICE/App/usbd_desc.o
 .debug_line    0x000138a0      0xe7b ./USB_DEVICE/Target/usbd_conf.o

.debug_str      0x00000000    0xcc735
 .debug_str     0x00000000    0xc894b ./Core/Src/main.o
                              0xc8ccf (size before relaxing)
 .debug_str     0x000c894b       0x7a ./Core/Src/stm32f4xx_hal_msp.o
                              0xc4472 (size before relaxing)
 .debug_str     0x000c89c5      0x53e ./Core/Src/stm32f4xx_it.o
                              0xc4255 (size before relaxing)
 .debug_str     0x000c8f03       0xdb ./Core/Src/system_stm32f4xx.o
                              0xc3a26 (size before relaxing)
 .debug_str     0x000c8fde       0x44 ./Core/Startup/startup_stm32f446retx.o
                                 0xcb (size before relaxing)
 .debug_str     0x000c9022      0x60d ./Drivers/STM32F4xx_HAL_Driver/Src/stm32f4xx_hal.o
                              0xc45eb (size before relaxing)
 .debug_str     0x000c962f      0x36b ./Drivers/STM32F4xx_HAL_Driver/Src/stm32f4xx_hal_cortex.o
                              0xc4342 (size before relaxing)
 .debug_str     0x000c999a      0x322 ./Drivers/STM32F4xx_HAL_Driver/Src/stm32f4xx_hal_dma.o
                              0xc3e1b (size before relaxing)
 .debug_str     0x000c9cbc       0xd7 ./Drivers/STM32F4xx_HAL_Driver/Src/stm32f4xx_hal_gpio.o
                              0xc3ba1 (size before relaxing)
 .debug_str     0x000c9d93      0x852 ./Drivers/STM32F4xx_HAL_Driver/Src/stm32f4xx_hal_pcd.o
                              0xc4537 (size before relaxing)
 .debug_str     0x000ca5e5      0x12d ./Drivers/STM32F4xx_HAL_Driver/Src/stm32f4xx_hal_pcd_ex.o
                              0xc3e39 (size before relaxing)
 .debug_str     0x000ca712      0x21f ./Drivers/STM32F4xx_HAL_Driver/Src/stm32f4xx_hal_rcc.o
                              0xc3e5f (size before relaxing)
 .debug_str     0x000ca931      0x324 ./Drivers/STM32F4xx_HAL_Driver/Src/stm32f4xx_hal_rcc_ex.o
                              0xc3e92 (size before relaxing)
 .debug_str     0x000cac55      0x5f2 ./Drivers/STM32F4xx_HAL_Driver/Src/stm32f4xx_hal_uart.o
                              0xc4416 (size before relaxing)
 .debug_str     0x000cb247      0x4a7 ./Drivers/STM32F4xx_HAL_Driver/Src/stm32f4xx_ll_usb.o
                              0xc43f3 (size before relaxing)
 .debug_str     0x000cb6ee      0x6f2 ./Middlewares/ST/STM32_USB_Device_Library/Class/CDC/Src/usbd_cdc.o
                              0xc8a82 (size before relaxing)
 .debug_str     0x000cbde0      0x35c ./Middlewares/ST/STM32_USB_Device_Library/Core/Src/usbd_core.o
                              0xc83a4 (size before relaxing)
 .debug_str     0x000cc13c      0x139 ./Middlewares/ST/STM32_USB_Device_Library/Core/Src/usbd_ctlreq.o
                              0xc81cf (size before relaxing)
 .debug_str     0x000cc275       0x51 ./Middlewares/ST/STM32_USB_Device_Library/Core/Src/usbd_ioreq.o
                              0xc80a4 (size before relaxing)
 .debug_str     0x000cc2c6       0xc6 ./USB_DEVICE/App/usb_device.o
                              0xc8457 (size before relaxing)
 .debug_str     0x000cc38c       0x8a ./USB_DEVICE/App/usbd_cdc_if.o
                              0xc8497 (size before relaxing)
 .debug_str     0x000cc416      0x298 ./USB_DEVICE/App/usbd_desc.o
                              0xc7fce (size before relaxing)
 .debug_str     0x000cc6ae       0x87 ./USB_DEVICE/Target/usbd_conf.o
                              0xc9563 (size before relaxing)

.comment        0x00000000       0x43
 .comment       0x00000000       0x43 ./Core/Src/main.o
                                 0x44 (size before relaxing)
 .comment       0x00000043       0x44 ./Core/Src/stm32f4xx_hal_msp.o
 .comment       0x00000043       0x44 ./Core/Src/stm32f4xx_it.o
 .comment       0x00000043       0x44 ./Core/Src/system_stm32f4xx.o
 .comment       0x00000043       0x44 ./Drivers/STM32F4xx_HAL_Driver/Src/stm32f4xx_hal.o
 .comment       0x00000043       0x44 ./Drivers/STM32F4xx_HAL_Driver/Src/stm32f4xx_hal_cortex.o
 .comment       0x00000043       0x44 ./Drivers/STM32F4xx_HAL_Driver/Src/stm32f4xx_hal_dma.o
 .comment       0x00000043       0x44 ./Drivers/STM32F4xx_HAL_Driver/Src/stm32f4xx_hal_gpio.o
 .comment       0x00000043       0x44 ./Drivers/STM32F4xx_HAL_Driver/Src/stm32f4xx_hal_pcd.o
 .comment       0x00000043       0x44 ./Drivers/STM32F4xx_HAL_Driver/Src/stm32f4xx_hal_pcd_ex.o
 .comment       0x00000043       0x44 ./Drivers/STM32F4xx_HAL_Driver/Src/stm32f4xx_hal_rcc.o
 .comment       0x00000043       0x44 ./Drivers/STM32F4xx_HAL_Driver/Src/stm32f4xx_hal_rcc_ex.o
 .comment       0x00000043       0x44 ./Drivers/STM32F4xx_HAL_Driver/Src/stm32f4xx_hal_uart.o
 .comment       0x00000043       0x44 ./Drivers/STM32F4xx_HAL_Driver/Src/stm32f4xx_ll_usb.o
 .comment       0x00000043       0x44 ./Middlewares/ST/STM32_USB_Device_Library/Class/CDC/Src/usbd_cdc.o
 .comment       0x00000043       0x44 ./Middlewares/ST/STM32_USB_Device_Library/Core/Src/usbd_core.o
 .comment       0x00000043       0x44 ./Middlewares/ST/STM32_USB_Device_Library/Core/Src/usbd_ctlreq.o
 .comment       0x00000043       0x44 ./Middlewares/ST/STM32_USB_Device_Library/Core/Src/usbd_ioreq.o
 .comment       0x00000043       0x44 ./USB_DEVICE/App/usb_device.o
 .comment       0x00000043       0x44 ./USB_DEVICE/App/usbd_cdc_if.o
 .comment       0x00000043       0x44 ./USB_DEVICE/App/usbd_desc.o
 .comment       0x00000043       0x44 ./USB_DEVICE/Target/usbd_conf.o

.debug_frame    0x00000000     0x3c48
 .debug_frame   0x00000000       0xd0 ./Core/Src/main.o
 .debug_frame   0x000000d0       0x80 ./Core/Src/stm32f4xx_hal_msp.o
 .debug_frame   0x00000150      0x1e4 ./Core/Src/stm32f4xx_it.o
 .debug_frame   0x00000334       0x58 ./Core/Src/system_stm32f4xx.o
 .debug_frame   0x0000038c      0x374 ./Drivers/STM32F4xx_HAL_Driver/Src/stm32f4xx_hal.o
 .debug_frame   0x00000700      0x508 ./Drivers/STM32F4xx_HAL_Driver/Src/stm32f4xx_hal_cortex.o
 .debug_frame   0x00000c08      0x250 ./Drivers/STM32F4xx_HAL_Driver/Src/stm32f4xx_hal_dma.o
 .debug_frame   0x00000e58      0x14c ./Drivers/STM32F4xx_HAL_Driver/Src/stm32f4xx_hal_gpio.o
 .debug_frame   0x00000fa4      0x5b8 ./Drivers/STM32F4xx_HAL_Driver/Src/stm32f4xx_hal_pcd.o
 .debug_frame   0x0000155c      0x100 ./Drivers/STM32F4xx_HAL_Driver/Src/stm32f4xx_hal_pcd_ex.o
 .debug_frame   0x0000165c      0x1f4 ./Drivers/STM32F4xx_HAL_Driver/Src/stm32f4xx_hal_rcc.o
 .debug_frame   0x00001850      0x1e8 ./Drivers/STM32F4xx_HAL_Driver/Src/stm32f4xx_hal_rcc_ex.o
 .debug_frame   0x00001a38      0x954 ./Drivers/STM32F4xx_HAL_Driver/Src/stm32f4xx_hal_uart.o
 .debug_frame   0x0000238c      0x7c0 ./Drivers/STM32F4xx_HAL_Driver/Src/stm32f4xx_ll_usb.o
 .debug_frame   0x00002b4c      0x23c ./Middlewares/ST/STM32_USB_Device_Library/Class/CDC/Src/usbd_cdc.o
 .debug_frame   0x00002d88      0x390 ./Middlewares/ST/STM32_USB_Device_Library/Core/Src/usbd_core.o
 .debug_frame   0x00003118      0x23c ./Middlewares/ST/STM32_USB_Device_Library/Core/Src/usbd_ctlreq.o
 .debug_frame   0x00003354      0x10c ./Middlewares/ST/STM32_USB_Device_Library/Core/Src/usbd_ioreq.o
 .debug_frame   0x00003460       0x2c ./USB_DEVICE/App/usb_device.o
 .debug_frame   0x0000348c       0xe4 ./USB_DEVICE/App/usbd_cdc_if.o
 .debug_frame   0x00003570      0x188 ./USB_DEVICE/App/usbd_desc.o
 .debug_frame   0x000036f8      0x4a4 ./USB_DEVICE/Target/usbd_conf.o
 .debug_frame   0x00003b9c       0x20 C:/ST/STM32CubeIDE_1.17.0/STM32CubeIDE/plugins/com.st.stm32cube.ide.mcu.externaltools.gnu-tools-for-stm32.12.3.rel1.win32_1.1.0.202410251130/tools/bin/../lib/gcc/arm-none-eabi/12.3.1/../../../../arm-none-eabi/lib/thumb/v7e-m+fp/hard\libc_nano.a(libc_a-memset.o)
 .debug_frame   0x00003bbc       0x2c C:/ST/STM32CubeIDE_1.17.0/STM32CubeIDE/plugins/com.st.stm32cube.ide.mcu.externaltools.gnu-tools-for-stm32.12.3.rel1.win32_1.1.0.202410251130/tools/bin/../lib/gcc/arm-none-eabi/12.3.1/../../../../arm-none-eabi/lib/thumb/v7e-m+fp/hard\libc_nano.a(libc_a-init.o)
 .debug_frame   0x00003be8       0x2c C:/ST/STM32CubeIDE_1.17.0/STM32CubeIDE/plugins/com.st.stm32cube.ide.mcu.externaltools.gnu-tools-for-stm32.12.3.rel1.win32_1.1.0.202410251130/tools/bin/../lib/gcc/arm-none-eabi/12.3.1/thumb/v7e-m+fp/hard\libgcc.a(_aeabi_uldivmod.o)
 .debug_frame   0x00003c14       0x34 C:/ST/STM32CubeIDE_1.17.0/STM32CubeIDE/plugins/com.st.stm32cube.ide.mcu.externaltools.gnu-tools-for-stm32.12.3.rel1.win32_1.1.0.202410251130/tools/bin/../lib/gcc/arm-none-eabi/12.3.1/thumb/v7e-m+fp/hard\libgcc.a(_udivmoddi4.o)

.debug_line_str
                0x00000000       0xaf
 .debug_line_str
                0x00000000       0xaf ./Core/Startup/startup_stm32f446retx.o
